Component: ARM Compiler 5.06 update 5 (build 528) Tool: armlink [4d35e2]

==============================================================================

Section Cross References

    startup_stm32f10x_md.o(STACK) refers (Special) to heapauxi.o(.text) for __use_two_region_memory
    startup_stm32f10x_md.o(HEAP) refers (Special) to heapauxi.o(.text) for __use_two_region_memory
    startup_stm32f10x_md.o(RESET) refers (Special) to heapauxi.o(.text) for __use_two_region_memory
    startup_stm32f10x_md.o(RESET) refers to startup_stm32f10x_md.o(STACK) for __initial_sp
    startup_stm32f10x_md.o(RESET) refers to startup_stm32f10x_md.o(.text) for Reset_Handler
    startup_stm32f10x_md.o(RESET) refers to stm32f10x_it.o(i.NMI_Handler) for NMI_Handler
    startup_stm32f10x_md.o(RESET) refers to stm32f10x_it.o(i.HardFault_Handler) for HardFault_Handler
    startup_stm32f10x_md.o(RESET) refers to stm32f10x_it.o(i.MemManage_Handler) for MemManage_Handler
    startup_stm32f10x_md.o(RESET) refers to stm32f10x_it.o(i.BusFault_Handler) for BusFault_Handler
    startup_stm32f10x_md.o(RESET) refers to stm32f10x_it.o(i.UsageFault_Handler) for UsageFault_Handler
    startup_stm32f10x_md.o(RESET) refers to stm32f10x_it.o(i.SVC_Handler) for SVC_Handler
    startup_stm32f10x_md.o(RESET) refers to stm32f10x_it.o(i.DebugMon_Handler) for DebugMon_Handler
    startup_stm32f10x_md.o(RESET) refers to stm32f10x_it.o(i.PendSV_Handler) for PendSV_Handler
    startup_stm32f10x_md.o(RESET) refers to stm32f10x_it.o(i.SysTick_Handler) for SysTick_Handler
    startup_stm32f10x_md.o(RESET) refers to wave.o(i.EXTI1_IRQHandler) for EXTI1_IRQHandler
    startup_stm32f10x_md.o(RESET) refers to wave.o(i.TIM2_IRQHandler) for TIM2_IRQHandler
    startup_stm32f10x_md.o(RESET) refers to motor.o(i.TIM4_IRQHandler) for TIM4_IRQHandler
    startup_stm32f10x_md.o(RESET) refers to usart.o(i.USART1_IRQHandler) for USART1_IRQHandler
    startup_stm32f10x_md.o(RESET) refers to usart2.o(i.USART2_IRQHandler) for USART2_IRQHandler
    startup_stm32f10x_md.o(.text) refers (Special) to heapauxi.o(.text) for __use_two_region_memory
    startup_stm32f10x_md.o(.text) refers to system_stm32f10x.o(i.SystemInit) for SystemInit
    startup_stm32f10x_md.o(.text) refers to __main.o(!!!main) for __main
    startup_stm32f10x_md.o(.text) refers to startup_stm32f10x_md.o(HEAP) for Heap_Mem
    startup_stm32f10x_md.o(.text) refers to startup_stm32f10x_md.o(STACK) for Stack_Mem
    stm32f10x_rcc.o(i.RCC_GetClocksFreq) refers to stm32f10x_rcc.o(.data) for APBAHBPrescTable
    stm32f10x_rcc.o(i.RCC_WaitForHSEStartUp) refers to stm32f10x_rcc.o(i.RCC_GetFlagStatus) for RCC_GetFlagStatus
    stm32f10x_gpio.o(i.GPIO_AFIODeInit) refers to stm32f10x_rcc.o(i.RCC_APB2PeriphResetCmd) for RCC_APB2PeriphResetCmd
    stm32f10x_gpio.o(i.GPIO_DeInit) refers to stm32f10x_rcc.o(i.RCC_APB2PeriphResetCmd) for RCC_APB2PeriphResetCmd
    stm32f10x_usart.o(i.USART_DeInit) refers to stm32f10x_rcc.o(i.RCC_APB2PeriphResetCmd) for RCC_APB2PeriphResetCmd
    stm32f10x_usart.o(i.USART_DeInit) refers to stm32f10x_rcc.o(i.RCC_APB1PeriphResetCmd) for RCC_APB1PeriphResetCmd
    stm32f10x_usart.o(i.USART_Init) refers to stm32f10x_rcc.o(i.RCC_GetClocksFreq) for RCC_GetClocksFreq
    stm32f10x_i2c.o(i.I2C_DeInit) refers to stm32f10x_rcc.o(i.RCC_APB1PeriphResetCmd) for RCC_APB1PeriphResetCmd
    stm32f10x_i2c.o(i.I2C_Init) refers to stm32f10x_rcc.o(i.RCC_GetClocksFreq) for RCC_GetClocksFreq
    stm32f10x_tim.o(i.TIM_DeInit) refers to stm32f10x_rcc.o(i.RCC_APB2PeriphResetCmd) for RCC_APB2PeriphResetCmd
    stm32f10x_tim.o(i.TIM_DeInit) refers to stm32f10x_rcc.o(i.RCC_APB1PeriphResetCmd) for RCC_APB1PeriphResetCmd
    stm32f10x_tim.o(i.TIM_ETRClockMode1Config) refers to stm32f10x_tim.o(i.TIM_ETRConfig) for TIM_ETRConfig
    stm32f10x_tim.o(i.TIM_ETRClockMode2Config) refers to stm32f10x_tim.o(i.TIM_ETRConfig) for TIM_ETRConfig
    stm32f10x_tim.o(i.TIM_ICInit) refers to stm32f10x_tim.o(i.TI1_Config) for TI1_Config
    stm32f10x_tim.o(i.TIM_ICInit) refers to stm32f10x_tim.o(i.TIM_SetIC1Prescaler) for TIM_SetIC1Prescaler
    stm32f10x_tim.o(i.TIM_ICInit) refers to stm32f10x_tim.o(i.TI2_Config) for TI2_Config
    stm32f10x_tim.o(i.TIM_ICInit) refers to stm32f10x_tim.o(i.TIM_SetIC2Prescaler) for TIM_SetIC2Prescaler
    stm32f10x_tim.o(i.TIM_ICInit) refers to stm32f10x_tim.o(i.TI3_Config) for TI3_Config
    stm32f10x_tim.o(i.TIM_ICInit) refers to stm32f10x_tim.o(i.TIM_SetIC3Prescaler) for TIM_SetIC3Prescaler
    stm32f10x_tim.o(i.TIM_ICInit) refers to stm32f10x_tim.o(i.TI4_Config) for TI4_Config
    stm32f10x_tim.o(i.TIM_ICInit) refers to stm32f10x_tim.o(i.TIM_SetIC4Prescaler) for TIM_SetIC4Prescaler
    stm32f10x_tim.o(i.TIM_ITRxExternalClockConfig) refers to stm32f10x_tim.o(i.TIM_SelectInputTrigger) for TIM_SelectInputTrigger
    stm32f10x_tim.o(i.TIM_PWMIConfig) refers to stm32f10x_tim.o(i.TI1_Config) for TI1_Config
[...]
    _printf_char_file                        0x08000901   Thumb Code    32  _printf_char_file.o(.text)
    _printf_wctomb                           0x08000925   Thumb Code   182  _printf_wctomb.o(.text)
    _printf_longlong_dec                     0x080009e1   Thumb Code   108  _printf_longlong_dec.o(.text)
    _printf_longlong_oct                     0x08000a5d   Thumb Code    66  _printf_oct_int_ll.o(.text)
    _printf_int_oct                          0x08000a9f   Thumb Code    24  _printf_oct_int_ll.o(.text)
    _printf_ll_oct                           0x08000ab7   Thumb Code    12  _printf_oct_int_ll.o(.text)
    __aeabi_memclr                           0x08000acd   Thumb Code     0  rt_memclr.o(.text)
    __rt_memclr                              0x08000acd   Thumb Code    68  rt_memclr.o(.text)
    _memset                                  0x08000ad1   Thumb Code     0  rt_memclr.o(.text)
    __aeabi_errno_addr                       0x08000b11   Thumb Code     8  rt_errno_addr_intlibspace.o(.text)
    __errno$intlibspace                      0x08000b11   Thumb Code     0  rt_errno_addr_intlibspace.o(.text)
    __rt_errno_addr$intlibspace              0x08000b11   Thumb Code     0  rt_errno_addr_intlibspace.o(.text)
    _ll_udiv10                               0x08000b19   Thumb Code   138  lludiv10.o(.text)
    __lib_sel_fp_printf                      0x08000ba3   Thumb Code     2  _printf_fp_dec.o(.text)
    _printf_fp_dec_real                      0x08000d55   Thumb Code   620  _printf_fp_dec.o(.text)
    _printf_cs_common                        0x08000fc1   Thumb Code    20  _printf_char.o(.text)
    _printf_char                             0x08000fd5   Thumb Code    16  _printf_char.o(.text)
    _printf_string                           0x08000fe5   Thumb Code     8  _printf_char.o(.text)
    _printf_lcs_common                       0x08000fed   Thumb Code    20  _printf_wchar.o(.text)
    _printf_wchar                            0x08001001   Thumb Code    16  _printf_wchar.o(.text)
    _printf_wstring                          0x08001011   Thumb Code     8  _printf_wchar.o(.text)
    ferror                                   0x08001019   Thumb Code     8  ferror.o(.text)
    _wcrtomb                                 0x08001021   Thumb Code    64  _wcrtomb.o(.text)
    __aeabi_memclr4                          0x08001061   Thumb Code     0  rt_memclr_w.o(.text)
    __aeabi_memclr8                          0x08001061   Thumb Code     0  rt_memclr_w.o(.text)
    __rt_memclr_w                            0x08001061   Thumb Code    78  rt_memclr_w.o(.text)
    _memset_w                                0x08001065   Thumb Code     0  rt_memclr_w.o(.text)
    __user_libspace                          0x080010b1   Thumb Code     8  libspace.o(.text)
    __user_perproc_libspace                  0x080010b1   Thumb Code     0  libspace.o(.text)
    __user_perthread_libspace                0x080010b1   Thumb Code     0  libspace.o(.text)
    __user_setup_stackheap                   0x080010b9   Thumb Code    74  sys_stackheap_outer.o(.text)
    __rt_ctype_table                         0x08001105   Thumb Code    16  rt_ctype_table.o(.text)
    __rt_locale                              0x08001115   Thumb Code     8  rt_locale_intlibspace.o(.text)
    _printf_fp_infnan                        0x0800111d   Thumb Code   112  _printf_fp_infnan.o(.text)
    _btod_etento                             0x0800119d   Thumb Code   224  bigflt0.o(.text)
    exit                                     0x08001281   Thumb Code    18  exit.o(.text)
    strcmp                                   0x08001295   Thumb Code   128  strcmpv7m.o(.text)
    _btod_d2e                                0x08001315   Thumb Code    62  btod.o(CL$$btod_d2e)
    _d2e_denorm_low                          0x08001353   Thumb Code    70  btod.o(CL$$btod_d2e_denorm_low)
    _d2e_norm_op1                            0x08001399   Thumb Code    96  btod.o(CL$$btod_d2e_norm_op1)
    __btod_div_common                        0x080013f9   Thumb Code   696  btod.o(CL$$btod_div_common)
    _e2e                                     0x08001731   Thumb Code   220  btod.o(CL$$btod_e2e)
    _btod_ediv                               0x0800180d   Thumb Code    42  btod.o(CL$$btod_ediv)
    _btod_emul                               0x08001837   Thumb Code    42  btod.o(CL$$btod_emul)
    __btod_mult_common                       0x08001861   Thumb Code   580  btod.o(CL$$btod_mult_common)
    ADC_Cmd                                  0x08001aa5   Thumb Code    22  stm32f10x_adc.o(i.ADC_Cmd)
    ADC_DeInit                               0x08001abd   Thumb Code    78  stm32f10x_adc.o(i.ADC_DeInit)
    ADC_GetCalibrationStatus                 0x08001b19   Thumb Code    20  stm32f10x_adc.o(i.ADC_GetCalibrationStatus)
    ADC_GetConversionValue                   0x08001b2d   Thumb Code     8  stm32f10x_adc.o(i.ADC_GetConversionValue)
    ADC_GetFlagStatus                        0x08001b35   Thumb Code    18  stm32f10x_adc.o(i.ADC_GetFlagStatus)
    ADC_GetResetCalibrationStatus            0x08001b47   Thumb Code    20  stm32f10x_adc.o(i.ADC_GetResetCalibrationStatus)
    ADC_Init                                 0x08001b5d   Thumb Code    70  stm32f10x_adc.o(i.ADC_Init)
    ADC_RegularChannelConfig                 0x08001bad   Thumb Code   184  stm32f10x_adc.o(i.ADC_RegularChannelConfig)
    ADC_ResetCalibration                     0x08001c65   Thumb Code    10  stm32f10x_adc.o(i.ADC_ResetCalibration)
    ADC_SoftwareStartConvCmd                 0x08001c6f   Thumb Code    22  stm32f10x_adc.o(i.ADC_SoftwareStartConvCmd)
    ADC_StartCalibration                     0x08001c85   Thumb Code    10  stm32f10x_adc.o(i.ADC_StartCalibration)
    BusFault_Handler                         0x08001c8f   Thumb Code     4  stm32f10x_it.o(i.BusFault_Handler)
    DebugMon_Handler                         0x08001c93   Thumb Code     2  stm32f10x_it.o(i.DebugMon_Handler)
    EXTI1_IRQHandler                         0x08001c95   Thumb Code   166  wave.o(i.EXTI1_IRQHandler)
    EXTI_ClearITPendingBit                   0x08001d51   Thumb Code     6  stm32f10x_exti.o(i.EXTI_ClearITPendingBit)
    EXTI_GetITStatus                         0x08001d5d   Thumb Code    34  stm32f10x_exti.o(i.EXTI_GetITStatus)
    EXTI_Init                                0x08001d85   Thumb Code   142  stm32f10x_exti.o(i.EXTI_Init)
    GFP_abs                                  0x08001e19   Thumb Code    16  motor.o(i.GFP_abs)
    GPIO_EXTILineConfig                      0x08001e29   Thumb Code    60  stm32f10x_gpio.o(i.GPIO_EXTILineConfig)
    GPIO_Init                                0x08001e69   Thumb Code   278  stm32f10x_gpio.o(i.GPIO_Init)
    GPIO_ReadInputDataBit                    0x08001f7f   Thumb Code    18  stm32f10x_gpio.o(i.GPIO_ReadInputDataBit)
    GPIO_ResetBits                           0x08001f91   Thumb Code     4  stm32f10x_gpio.o(i.GPIO_ResetBits)
    GPIO_SetBits                             0x08001f95   Thumb Code     4  stm32f10x_gpio.o(i.GPIO_SetBits)
    Get_adc                                  0x08001f99   Thumb Code    46  adc.o(i.Get_adc)
    Get_adc_Average                          0x08001fcd   Thumb Code    46  adc.o(i.Get_adc_Average)
    HardFault_Handler                        0x08001ffb   Thumb Code     4  stm32f10x_it.o(i.HardFault_Handler)
    Limit                                    0x08002001   Thumb Code    34  motor.o(i.Limit)
    Load                                     0x0800202d   Thumb Code    50  motor.o(i.Load)
    MPU_IIC_Ack                              0x0800206d   Thumb Code    62  mpuiic.o(i.MPU_IIC_Ack)
    MPU_IIC_Delay                            0x080020b9   Thumb Code    10  mpuiic.o(i.MPU_IIC_Delay)
    MPU_IIC_Init                             0x080020c5   Thumb Code    50  mpuiic.o(i.MPU_IIC_Init)
    MPU_IIC_NAck                             0x080020fd   Thumb Code    62  mpuiic.o(i.MPU_IIC_NAck)
    MPU_IIC_Read_Byte                        0x08002149   Thumb Code    94  mpuiic.o(i.MPU_IIC_Read_Byte)
    MPU_IIC_Send_Byte                        0x080021b5   Thumb Code    80  mpuiic.o(i.MPU_IIC_Send_Byte)
    MPU_IIC_Start                            0x08002211   Thumb Code    60  mpuiic.o(i.MPU_IIC_Start)
    MPU_IIC_Stop                             0x08002259   Thumb Code    58  mpuiic.o(i.MPU_IIC_Stop)
    MPU_IIC_Wait_Ack                         0x080022a1   Thumb Code    86  mpuiic.o(i.MPU_IIC_Wait_Ack)
    MPU_Init                                 0x08002305   Thumb Code   122  mpu6050.o(i.MPU_Init)
    MPU_Read_Byte                            0x0800237f   Thumb Code    58  mpu6050.o(i.MPU_Read_Byte)
    MPU_Read_Len                             0x080023b9   Thumb Code   116  mpu6050.o(i.MPU_Read_Len)
    MPU_Set_Accel_Fsr                        0x0800242d   Thumb Code    16  mpu6050.o(i.MPU_Set_Accel_Fsr)
    MPU_Set_Gyro_Fsr                         0x0800243d   Thumb Code    16  mpu6050.o(i.MPU_Set_Gyro_Fsr)
    MPU_Set_LPF                              0x0800244d   Thumb Code    58  mpu6050.o(i.MPU_Set_LPF)
    MPU_Set_Rate                             0x08002487   Thumb Code    58  mpu6050.o(i.MPU_Set_Rate)
    MPU_Write_Byte                           0x080024c1   Thumb Code    68  mpu6050.o(i.MPU_Write_Byte)
    MPU_Write_Len                            0x08002505   Thumb Code    96  mpu6050.o(i.MPU_Write_Len)
    MemManage_Handler                        0x08002565   Thumb Code     4  stm32f10x_it.o(i.MemManage_Handler)
    NMI_Handler                              0x08002569   Thumb Code     2  stm32f10x_it.o(i.NMI_Handler)
    NVIC_Init                                0x0800256d   Thumb Code   100  misc.o(i.NVIC_Init)
    NVIC_PriorityGroupConfig                 0x080025dd   Thumb Code    10  misc.o(i.NVIC_PriorityGroupConfig)
    PendSV_Handler                           0x080025f1   Thumb Code     2  stm32f10x_it.o(i.PendSV_Handler)
    RCC_ADCCLKConfig                         0x080025f5   Thumb Code    18  stm32f10x_rcc.o(i.RCC_ADCCLKConfig)
    RCC_APB1PeriphClockCmd                   0x0800260d   Thumb Code    26  stm32f10x_rcc.o(i.RCC_APB1PeriphClockCmd)
    RCC_APB1PeriphResetCmd                   0x0800262d   Thumb Code    26  stm32f10x_rcc.o(i.RCC_APB1PeriphResetCmd)
    RCC_APB2PeriphClockCmd                   0x0800264d   Thumb Code    26  stm32f10x_rcc.o(i.RCC_APB2PeriphClockCmd)
    RCC_APB2PeriphResetCmd                   0x0800266d   Thumb Code    26  stm32f10x_rcc.o(i.RCC_APB2PeriphResetCmd)
    RCC_GetClocksFreq                        0x0800268d   Thumb Code   192  stm32f10x_rcc.o(i.RCC_GetClocksFreq)
    Read_Encoder                             0x08002761   Thumb Code    28  motor.o(i.Read_Encoder)
    SVC_Handler                              0x08002781   Thumb Code     2  stm32f10x_it.o(i.SVC_Handler)
    SysTick_Handler                          0x0800286d   Thumb Code     8  stm32f10x_it.o(i.SysTick_Handler)
    SysTick_Init                             0x08002875   Thumb Code   106  systick.o(i.SysTick_Init)
    SystemInit                               0x080028ed   Thumb Code    78  system_stm32f10x.o(i.SystemInit)
    TIM1_PWM_Servo_Init                      0x08002b8d   Thumb Code   160  servo.o(i.TIM1_PWM_Servo_Init)
    TIM2_IRQHandler                          0x08002c35   Thumb Code    28  wave.o(i.TIM2_IRQHandler)
    TIM2_Update_Wave_Init                    0x08002c55   Thumb Code   122  wave.o(i.TIM2_Update_Wave_Init)
    TIM3_PWM_Motor_Led_Init                  0x08002cd1   Thumb Code   208  motor.o(i.TIM3_PWM_Motor_Led_Init)
    TIM4_Encoder_wheel_Init                  0x08002dad   Thumb Code   160  motor.o(i.TIM4_Encoder_wheel_Init)
    TIM4_IRQHandler                          0x08002e55   Thumb Code    18  motor.o(i.TIM4_IRQHandler)
    TIM_ARRPreloadConfig                     0x08002e6d   Thumb Code    24  stm32f10x_tim.o(i.TIM_ARRPreloadConfig)
    TIM_ClearFlag                            0x08002e85   Thumb Code     6  stm32f10x_tim.o(i.TIM_ClearFlag)
    TIM_ClearITPendingBit                    0x08002e8b   Thumb Code     6  stm32f10x_tim.o(i.TIM_ClearITPendingBit)
    TIM_Cmd                                  0x08002e91   Thumb Code    24  stm32f10x_tim.o(i.TIM_Cmd)
    TIM_CtrlPWMOutputs                       0x08002ea9   Thumb Code    30  stm32f10x_tim.o(i.TIM_CtrlPWMOutputs)
    TIM_DeInit                               0x08002ec9   Thumb Code   424  stm32f10x_tim.o(i.TIM_DeInit)
    TIM_EncoderInterfaceConfig               0x080030b1   Thumb Code    66  stm32f10x_tim.o(i.TIM_EncoderInterfaceConfig)
    TIM_GetCounter                           0x080030f3   Thumb Code     6  stm32f10x_tim.o(i.TIM_GetCounter)
    TIM_GetITStatus                          0x080030f9   Thumb Code    34  stm32f10x_tim.o(i.TIM_GetITStatus)
    TIM_ICInit                               0x0800311d   Thumb Code   150  stm32f10x_tim.o(i.TIM_ICInit)
    TIM_ICStructInit                         0x080031c9   Thumb Code    18  stm32f10x_tim.o(i.TIM_ICStructInit)
    TIM_ITConfig                             0x080031db   Thumb Code    18  stm32f10x_tim.o(i.TIM_ITConfig)
    TIM_OC1Init                              0x080031ed   Thumb Code   132  stm32f10x_tim.o(i.TIM_OC1Init)
    TIM_OC1PreloadConfig                     0x08003285   Thumb Code    18  stm32f10x_tim.o(i.TIM_OC1PreloadConfig)
    TIM_OC2Init                              0x08003299   Thumb Code   154  stm32f10x_tim.o(i.TIM_OC2Init)
    TIM_OC2PreloadConfig                     0x0800333d   Thumb Code    26  stm32f10x_tim.o(i.TIM_OC2PreloadConfig)
    TIM_OC3Init                              0x08003359   Thumb Code   150  stm32f10x_tim.o(i.TIM_OC3Init)
    TIM_OC3PreloadConfig                     0x080033f9   Thumb Code    18  stm32f10x_tim.o(i.TIM_OC3PreloadConfig)
    TIM_OC4Init                              0x0800340d   Thumb Code   114  stm32f10x_tim.o(i.TIM_OC4Init)
    TIM_OC4PreloadConfig                     0x08003489   Thumb Code    26  stm32f10x_tim.o(i.TIM_OC4PreloadConfig)
    TIM_SetCompare1                          0x080034a3   Thumb Code     4  stm32f10x_tim.o(i.TIM_SetCompare1)
    TIM_SetCompare4                          0x080034a7   Thumb Code     6  stm32f10x_tim.o(i.TIM_SetCompare4)
    TIM_SetCounter                           0x080034ad   Thumb Code     4  stm32f10x_tim.o(i.TIM_SetCounter)
    TIM_SetIC1Prescaler                      0x080034b1   Thumb Code    18  stm32f10x_tim.o(i.TIM_SetIC1Prescaler)
    TIM_SetIC2Prescaler                      0x080034c3   Thumb Code    26  stm32f10x_tim.o(i.TIM_SetIC2Prescaler)
    TIM_SetIC3Prescaler                      0x080034dd   Thumb Code    18  stm32f10x_tim.o(i.TIM_SetIC3Prescaler)
    TIM_SetIC4Prescaler                      0x080034ef   Thumb Code    26  stm32f10x_tim.o(i.TIM_SetIC4Prescaler)
    TIM_TimeBaseInit                         0x08003509   Thumb Code   122  stm32f10x_tim.o(i.TIM_TimeBaseInit)
    USART1_IRQHandler                        0x080035ad   Thumb Code   122  usart.o(i.USART1_IRQHandler)
    USART2_IRQHandler                        0x08003635   Thumb Code   188  usart2.o(i.USART2_IRQHandler)
    USART_ClearITPendingBit                  0x080036fd   Thumb Code    30  stm32f10x_usart.o(i.USART_ClearITPendingBit)
    USART_Cmd                                0x0800371b   Thumb Code    24  stm32f10x_usart.o(i.USART_Cmd)
    USART_DeInit                             0x08003735   Thumb Code   134  stm32f10x_usart.o(i.USART_DeInit)
    USART_GetFlagStatus                      0x080037d1   Thumb Code    26  stm32f10x_usart.o(i.USART_GetFlagStatus)
    USART_GetITStatus                        0x080037eb   Thumb Code    84  stm32f10x_usart.o(i.USART_GetITStatus)
    USART_ITConfig                           0x0800383f   Thumb Code    74  stm32f10x_usart.o(i.USART_ITConfig)
    USART_Init                               0x08003889   Thumb Code   210  stm32f10x_usart.o(i.USART_Init)
    USART_ReceiveData                        0x08003961   Thumb Code    10  stm32f10x_usart.o(i.USART_ReceiveData)
    USART_SendData                           0x0800396b   Thumb Code     8  stm32f10x_usart.o(i.USART_SendData)
    UsageFault_Handler                       0x08003973   Thumb Code     4  stm32f10x_it.o(i.UsageFault_Handler)
    Velocity_IncCtrl_PI                      0x08003979   Thumb Code   138  pid.o(i.Velocity_IncCtrl_PI)
    Velocity_PI                              0x08003a19   Thumb Code   204  pid.o(i.Velocity_PI)
    Vertical_PD                              0x08003b01   Thumb Code   136  pid.o(i.Vertical_PD)
    Wave_CtrlPin_Init                        0x08003ba1   Thumb Code   130  wave.o(i.Wave_CtrlPin_Init)
    Wave_Strat                               0x08003c29   Thumb Code    26  wave.o(i.Wave_Strat)
    __ARM_fpclassify                         0x08003c49   Thumb Code    40  fpclassify.o(i.__ARM_fpclassify)
    __kernel_poly                            0x08003c71   Thumb Code   170  poly.o(i.__kernel_poly)
    __mathlib_dbl_infnan                     0x08003d1b   Thumb Code     6  dunder.o(i.__mathlib_dbl_infnan)
    __mathlib_dbl_infnan2                    0x08003d21   Thumb Code     4  dunder.o(i.__mathlib_dbl_infnan2)
    __mathlib_dbl_invalid                    0x08003d25   Thumb Code    12  dunder.o(i.__mathlib_dbl_invalid)
    __mathlib_dbl_underflow                  0x08003d31   Thumb Code    10  dunder.o(i.__mathlib_dbl_underflow)
    _is_digit                                0x08003d41   Thumb Code    14  __printf_wp.o(i._is_digit)
    _sys_exit                                0x08003d4f   Thumb Code     6  usart.o(i._sys_exit)
    adc_Battery_Init                         0x08003dfd   Thumb Code   146  adc.o(i.adc_Battery_Init)
    asin                                     0x08003e99   Thumb Code   572  asin.o(i.asin)
    atan                                     0x08004109   Thumb Code   474  atan.o(i.atan)
    atan2                                    0x08004329   Thumb Code   346  atan2.o(i.atan2)
    control                                  0x080044a9   Thumb Code  2086  pid.o(i.control)
    delay_ms                                 0x08004dcd   Thumb Code    24  delay.o(i.delay_ms)
    delay_us                                 0x08004de5   Thumb Code    26  delay.o(i.delay_us)
    dmp_enable_6x_lp_quat                    0x08004dff   Thumb Code    60  inv_mpu_dmp_motion_driver.o(i.dmp_enable_6x_lp_quat)
    dmp_enable_feature                       0x08004e3d   Thumb Code   530  inv_mpu_dmp_motion_driver.o(i.dmp_enable_feature)
    dmp_enable_gyro_cal                      0x08005059   Thumb Code    62  inv_mpu_dmp_motion_driver.o(i.dmp_enable_gyro_cal)
    dmp_enable_lp_quat                       0x080050b1   Thumb Code    60  inv_mpu_dmp_motion_driver.o(i.dmp_enable_lp_quat)
    dmp_load_motion_driver_firmware          0x080050ed   Thumb Code    20  inv_mpu_dmp_motion_driver.o(i.dmp_load_motion_driver_firmware)
    dmp_read_fifo                            0x08005105   Thumb Code   456  inv_mpu_dmp_motion_driver.o(i.dmp_read_fifo)
    dmp_set_accel_bias                       0x080052d1   Thumb Code   300  inv_mpu_dmp_motion_driver.o(i.dmp_set_accel_bias)
    dmp_set_fifo_rate                        0x08005401   Thumb Code    96  inv_mpu_dmp_motion_driver.o(i.dmp_set_fifo_rate)
    dmp_set_gyro_bias                        0x08005471   Thumb Code   294  inv_mpu_dmp_motion_driver.o(i.dmp_set_gyro_bias)
    dmp_set_orientation                      0x080055a1   Thumb Code   290  inv_mpu_dmp_motion_driver.o(i.dmp_set_orientation)
    dmp_set_shake_reject_thresh              0x080056d9   Thumb Code    56  inv_mpu_dmp_motion_driver.o(i.dmp_set_shake_reject_thresh)
    dmp_set_shake_reject_time                0x08005711   Thumb Code    38  inv_mpu_dmp_motion_driver.o(i.dmp_set_shake_reject_time)
    dmp_set_shake_reject_timeout             0x08005737   Thumb Code    38  inv_mpu_dmp_motion_driver.o(i.dmp_set_shake_reject_timeout)
    dmp_set_tap_axes                         0x0800575d   Thumb Code    70  inv_mpu_dmp_motion_driver.o(i.dmp_set_tap_axes)
    dmp_set_tap_count                        0x080057a3   Thumb Code    38  inv_mpu_dmp_motion_driver.o(i.dmp_set_tap_count)
    dmp_set_tap_thresh                       0x080057c9   Thumb Code   396  inv_mpu_dmp_motion_driver.o(i.dmp_set_tap_thresh)
    dmp_set_tap_time                         0x08005969   Thumb Code    38  inv_mpu_dmp_motion_driver.o(i.dmp_set_tap_time)
    dmp_set_tap_time_multi                   0x0800598f   Thumb Code    38  inv_mpu_dmp_motion_driver.o(i.dmp_set_tap_time_multi)
    fputc                                    0x080059b5   Thumb Code    24  usart.o(i.fputc)
    inv_orientation_matrix_to_scalar         0x08006005   Thumb Code    40  inv_mpu.o(i.inv_orientation_matrix_to_scalar)
    inv_row_2_scale                          0x0800602d   Thumb Code    78  inv_mpu.o(i.inv_row_2_scale)
    main                                     0x0800607d   Thumb Code   206  main.o(i.main)
    mget_ms                                  0x08006165   Thumb Code     2  inv_mpu.o(i.mget_ms)
    motor_GtrlPin_init                       0x08006169   Thumb Code   104  motor.o(i.motor_GtrlPin_init)
    motor_n20_Back                           0x080061dd   Thumb Code    16  motor.o(i.motor_n20_Back)
    motor_n20_Disable                        0x080061f5   Thumb Code    14  motor.o(i.motor_n20_Disable)
    motor_n20_Forward                        0x0800620d   Thumb Code    16  motor.o(i.motor_n20_Forward)
    mpu_configure_fifo                       0x08006225   Thumb Code   106  inv_mpu.o(i.mpu_configure_fifo)
    mpu_dmp_get_data                         0x08006295   Thumb Code   544  inv_mpu.o(i.mpu_dmp_get_data)
    mpu_dmp_init                             0x080064c5   Thumb Code   154  inv_mpu.o(i.mpu_dmp_init)
    mpu_get_accel_fsr                        0x08006565   Thumb Code    72  inv_mpu.o(i.mpu_get_accel_fsr)
    mpu_get_accel_sens                       0x080065b1   Thumb Code    78  inv_mpu.o(i.mpu_get_accel_sens)
    mpu_get_fifo_config                      0x08006605   Thumb Code    12  inv_mpu.o(i.mpu_get_fifo_config)
    mpu_get_gyro_fsr                         0x08006615   Thumb Code    64  inv_mpu.o(i.mpu_get_gyro_fsr)
    mpu_get_gyro_sens                        0x08006659   Thumb Code    58  inv_mpu.o(i.mpu_get_gyro_sens)
    mpu_get_lpf                              0x080066a9   Thumb Code    74  inv_mpu.o(i.mpu_get_lpf)
    mpu_get_sample_rate                      0x080066f9   Thumb Code    26  inv_mpu.o(i.mpu_get_sample_rate)
    mpu_init                                 0x08006719   Thumb Code   416  inv_mpu.o(i.mpu_init)
    mpu_load_firmware                        0x08006909   Thumb Code   180  inv_mpu.o(i.mpu_load_firmware)
    mpu_lp_accel_mode                        0x080069c1   Thumb Code   218  inv_mpu.o(i.mpu_lp_accel_mode)
    mpu_read_fifo_stream                     0x08006aa1   Thumb Code   186  inv_mpu.o(i.mpu_read_fifo_stream)
    mpu_read_mem                             0x08006b61   Thumb Code   122  inv_mpu.o(i.mpu_read_mem)
    mpu_reset_fifo                           0x08006be1   Thumb Code   450  inv_mpu.o(i.mpu_reset_fifo)
    mpu_run_self_test                        0x08006da9   Thumb Code   278  inv_mpu.o(i.mpu_run_self_test)
    mpu_set_accel_fsr                        0x08006ec5   Thumb Code   126  inv_mpu.o(i.mpu_set_accel_fsr)
    mpu_set_bypass                           0x08006f49   Thumb Code   328  inv_mpu.o(i.mpu_set_bypass)
    mpu_set_dmp_state                        0x08007095   Thumb Code   138  inv_mpu.o(i.mpu_set_dmp_state)
    mpu_set_gyro_fsr                         0x08007125   Thumb Code   132  inv_mpu.o(i.mpu_set_gyro_fsr)
    mpu_set_int_latched                      0x080071ad   Thumb Code   102  inv_mpu.o(i.mpu_set_int_latched)
    mpu_set_lpf                              0x08007219   Thumb Code   126  inv_mpu.o(i.mpu_set_lpf)
    mpu_set_sample_rate                      0x0800729d   Thumb Code   152  inv_mpu.o(i.mpu_set_sample_rate)
    mpu_set_sensors                          0x08007339   Thumb Code   202  inv_mpu.o(i.mpu_set_sensors)
    mpu_write_mem                            0x08007409   Thumb Code   122  inv_mpu.o(i.mpu_write_mem)
    openBlueLed                              0x08007489   Thumb Code    22  motor.o(i.openBlueLed)
    openGreenLed                             0x080074a9   Thumb Code    22  motor.o(i.openGreenLed)
    openRedLed                               0x080074c9   Thumb Code    16  motor.o(i.openRedLed)
    printf2                                  0x080074e1   Thumb Code    76  usart2.o(i.printf2)
    run_self_test                            0x08007531   Thumb Code   148  inv_mpu.o(i.run_self_test)
    servo_CtrlCarTrun                        0x080075c5   Thumb Code    78  servo.o(i.servo_CtrlCarTrun)
    servo_CtrlWaveTrun                       0x08007621   Thumb Code    78  servo.o(i.servo_CtrlWaveTrun)
    sqrt                                     0x0800770d   Thumb Code    76  sqrt.o(i.sqrt)
    usart2_Init                              0x08007759   Thumb Code   176  usart2.o(i.usart2_Init)
    _get_lc_numeric                          0x08007811   Thumb Code    44  lc_numeric_c.o(locale$$code)
    _get_lc_ctype                            0x0800783d   Thumb Code    44  lc_ctype_c.o(locale$$code)
    __aeabi_d2f                              0x08007869   Thumb Code     0  d2f.o(x$fpl$d2f)
    _d2f                                     0x08007869   Thumb Code    98  d2f.o(x$fpl$d2f)
    __aeabi_dadd                             0x080078cd   Thumb Code     0  daddsub_clz.o(x$fpl$dadd)
    _dadd                                    0x080078cd   Thumb Code   332  daddsub_clz.o(x$fpl$dadd)
    __fpl_dcheck_NaN1                        0x08007a1d   Thumb Code    10  dcheck1.o(x$fpl$dcheck1)
    __aeabi_ddiv                             0x08007a2d   Thumb Code     0  ddiv.o(x$fpl$ddiv)
    _ddiv                                    0x08007a2d   Thumb Code   552  ddiv.o(x$fpl$ddiv)
    __aeabi_d2iz                             0x08007cdd   Thumb Code     0  dfix.o(x$fpl$dfix)
    _dfix                                    0x08007cdd   Thumb Code    94  dfix.o(x$fpl$dfix)
    __aeabi_d2uiz                            0x08007d3d   Thumb Code     0  dfixu.o(x$fpl$dfixu)
    _dfixu                                   0x08007d3d   Thumb Code    90  dfixu.o(x$fpl$dfixu)
    __aeabi_i2d                              0x08007d97   Thumb Code     0  dflt_clz.o(x$fpl$dflt)
    _dflt                                    0x08007d97   Thumb Code    46  dflt_clz.o(x$fpl$dflt)
    __aeabi_ui2d                             0x08007dc5   Thumb Code     0  dflt_clz.o(x$fpl$dfltu)
    _dfltu                                   0x08007dc5   Thumb Code    38  dflt_clz.o(x$fpl$dfltu)
    __aeabi_dmul                             0x08007ded   Thumb Code     0  dmul.o(x$fpl$dmul)
    _dmul                                    0x08007ded   Thumb Code   332  dmul.o(x$fpl$dmul)
    __fpl_dnaninf                            0x08007f41   Thumb Code   156  dnaninf.o(x$fpl$dnaninf)
    __fpl_dretinf                            0x08007fdd   Thumb Code    12  dretinf.o(x$fpl$dretinf)
    __aeabi_drsub                            0x08007fe9   Thumb Code     0  daddsub_clz.o(x$fpl$drsb)
    _drsb                                    0x08007fe9   Thumb Code    22  daddsub_clz.o(x$fpl$drsb)
    _dsqrt                                   0x08008001   Thumb Code   456  dsqrt_noumaal.o(x$fpl$dsqrt)
    __aeabi_dsub                             0x080081cd   Thumb Code     0  daddsub_clz.o(x$fpl$dsub)
    _dsub                                    0x080081cd   Thumb Code   464  daddsub_clz.o(x$fpl$dsub)
    __aeabi_f2d                              0x080083a1   Thumb Code     0  f2d.o(x$fpl$f2d)
    _f2d                                     0x080083a1   Thumb Code    86  f2d.o(x$fpl$f2d)
    __aeabi_fadd                             0x080083f9   Thumb Code     0  faddsub_clz.o(x$fpl$fadd)
    _fadd                                    0x080083f9   Thumb Code   196  faddsub_clz.o(x$fpl$fadd)
    __fpl_fcmp_Inf                           0x080084bd   Thumb Code    24  fcmpi.o(x$fpl$fcmpinf)
    __aeabi_fdiv                             0x080084d5   Thumb Code     0  fdiv.o(x$fpl$fdiv)
    _fdiv                                    0x080084d5   Thumb Code   384  fdiv.o(x$fpl$fdiv)
    __aeabi_cfcmpeq                          0x08008659   Thumb Code     0  feqf.o(x$fpl$feqf)
    _fcmpeq                                  0x08008659   Thumb Code   104  feqf.o(x$fpl$feqf)
    __aeabi_f2iz                             0x080086c1   Thumb Code     0  ffix.o(x$fpl$ffix)
    _ffix                                    0x080086c1   Thumb Code    54  ffix.o(x$fpl$ffix)
    __aeabi_f2uiz                            0x080086f9   Thumb Code     0  ffixu.o(x$fpl$ffixu)
    _ffixu                                   0x080086f9   Thumb Code    62  ffixu.o(x$fpl$ffixu)
    __aeabi_i2f                              0x08008739   Thumb Code     0  fflt_clz.o(x$fpl$fflt)
    _fflt                                    0x08008739   Thumb Code    48  fflt_clz.o(x$fpl$fflt)
    __aeabi_ui2f                             0x08008769   Thumb Code     0  fflt_clz.o(x$fpl$ffltu)
    _ffltu                                   0x08008769   Thumb Code    38  fflt_clz.o(x$fpl$ffltu)
    __aeabi_cfcmple                          0x08008791   Thumb Code     0  fleqf.o(x$fpl$fleqf)
    _fcmple                                  0x08008791   Thumb Code   104  fleqf.o(x$fpl$fleqf)
    __fpl_fcmple_InfNaN                      0x080087e3   Thumb Code     0  fleqf.o(x$fpl$fleqf)
    __aeabi_fmul                             0x080087f9   Thumb Code     0  fmul.o(x$fpl$fmul)
    _fmul                                    0x080087f9   Thumb Code   258  fmul.o(x$fpl$fmul)
    __fpl_fnaninf                            0x080088fb   Thumb Code   140  fnaninf.o(x$fpl$fnaninf)
    __fpl_fretinf                            0x08008987   Thumb Code    10  fretinf.o(x$fpl$fretinf)
    __aeabi_cfrcmple                         0x08008991   Thumb Code     0  frleqf.o(x$fpl$frleqf)
    _frcmple                                 0x08008991   Thumb Code    98  frleqf.o(x$fpl$frleqf)
    __aeabi_frsub                            0x080089f3   Thumb Code     0  faddsub_clz.o(x$fpl$frsb)
    _frsb                                    0x080089f3   Thumb Code    20  faddsub_clz.o(x$fpl$frsb)
    __aeabi_fsub                             0x08008a09   Thumb Code     0  faddsub_clz.o(x$fpl$fsub)
    _fsub                                    0x08008a09   Thumb Code   234  faddsub_clz.o(x$fpl$fsub)
    _printf_fp_dec                           0x08008af3   Thumb Code     4  printf1.o(x$fpl$printf1)
    __fpl_return_NaN                         0x08008af7   Thumb Code   100  retnan.o(x$fpl$retnan)
    __ARM_scalbn                             0x08008b5b   Thumb Code    92  scalbn.o(x$fpl$scalbn)
    __fpl_cmpreturn                          0x08008bb7   Thumb Code    48  trapv.o(x$fpl$trapveneer)
    __I$use$fp                               0x08008be6   Number         0  usenofp.o(x$fpl$usenofp)
    reg                                      0x08008be8   Data          27  inv_mpu.o(.constdata)
    hw                                       0x08008c04   Data          12  inv_mpu.o(.constdata)
    test                                     0x08008c10   Data          40  inv_mpu.o(.constdata)
    __mathlib_zero                           0x08009958   Data           8  qnan.o(.constdata)
    Region$$Table$$Base                      0x08009a44   Number         0  anon$$obj.o(Region$$Table)
    Region$$Table$$Limit                     0x08009a64   Number         0  anon$$obj.o(Region$$Table)
    __ctype                                  0x08009a8d   Data           0  lc_ctype_c.o(locale$$data)
    SystemCoreClock                          0x20000014   Data           4  system_stm32f10x.o(.data)
    AHBPrescTable                            0x20000018   Data          16  system_stm32f10x.o(.data)
    __stdout                                 0x20000028   Data           4  usart.o(.data)
    USART_RX_STA                             0x2000002c   Data           2  usart.o(.data)
    usart2_flag                              0x2000002e   Data           1  usart2.o(.data)
    usart2_CacheByte                         0x2000002f   Data           1  usart2.o(.data)
    PWM_MAX                                  0x20000030   Data           4  motor.o(.data)
    PWM_MIN                                  0x20000034   Data           4  motor.o(.data)
    MOTO1                                    0x20000038   Data           4  motor.o(.data)
    gyro                                     0x2000003c   Data           6  inv_mpu.o(.data)
    accel                                    0x20000042   Data           6  inv_mpu.o(.data)
    sensors                                  0x20000048   Data           2  inv_mpu.o(.data)
    pitch                                    0x20000084   Data           4  mpu6050.o(.data)
    roll                                     0x20000088   Data           4  mpu6050.o(.data)
    yaw                                      0x2000008c   Data           4  mpu6050.o(.data)
    AdcValue                                 0x20000090   Data           4  adc.o(.data)
    Distance                                 0x20000094   Data           4  wave.o(.data)
    overflow                                 0x20000098   Data           1  wave.o(.data)
    count1                                   0x2000009c   Data           1  pid.o(.data)
    count2                                   0x200000a0   Data           4  pid.o(.data)
    count3                                   0x200000a4   Data           4  pid.o(.data)
    count4                                   0x200000a8   Data           4  pid.o(.data)
    Encoder_Wheel                            0x200000ac   Data           4  pid.o(.data)
    bizhang_mode                             0x200000b0   Data           1  pid.o(.data)
    turn_stop_flag                           0x200000b1   Data           1  pid.o(.data)
    delay1                                   0x200000b2   Data           1  pid.o(.data)
    delay2                                   0x200000b3   Data           1  pid.o(.data)
    delay3                                   0x200000b4   Data           1  pid.o(.data)
    delay4                                   0x200000b5   Data           1  pid.o(.data)
    left_distance                            0x200000b8   Data           4  pid.o(.data)
    right_distance                           0x200000bc   Data           4  pid.o(.data)
    Med_Angle                                0x200000c0   Data           4  pid.o(.data)
    Angle_Kp                                 0x200000c4   Data           4  pid.o(.data)
    Angle_Ki                                 0x200000c8   Data           4  pid.o(.data)
    Angle_Kd                                 0x200000cc   Data           4  pid.o(.data)
    Velocity_Kp                              0x200000d0   Data           4  pid.o(.data)
    Velocity_Ki                              0x200000d4   Data           4  pid.o(.data)
    Vertical_PWM                             0x200000d8   Data           4  pid.o(.data)
    Velocity_PWM                             0x200000dc   Data           4  pid.o(.data)
    USART_RX_BUF                             0x200000f8   Data         200  usart.o(.bss)
    __libspace_start                         0x200001d0   Data          96  libspace.o(.bss)
    __temporary_stack_top$libspace           0x20000230   Data           0  libspace.o(.bss)



==============================================================================

Memory Map of the image

  Image Entry point : 0x080000ed

  Load Region LR_IROM1 (Base: 0x08000000, Size: 0x00009c88, Max: 0x00010000, ABSOLUTE)

    Execution Region ER_IROM1 (Exec base: 0x08000000, Load base: 0x08000000, Size: 0x00009b90, Max: 0x00010000, ABSOLUTE)

    Exec Addr    Load Addr    Size         Type   Attr      Idx    E Section Name        Object

    0x08000000   0x08000000   0x000000ec   Data   RO           19    RESET               startup_stm32f10x_md.o
    0x080000ec   0x080000ec   0x00000008   Code   RO         2948  * !!!main             c_w.l(__main.o)
    0x080000f4   0x080000f4   0x00000034   Code   RO         3378    !!!scatter          c_w.l(__scatter.o)
    0x08000128   0x08000128   0x0000001a   Code   RO         3380    !!handler_copy      c_w.l(__scatter_copy.o)
    0x08000142   0x08000142   0x00000002   PAD
    0x08000144   0x08000144   0x0000001c   Code   RO         3382    !!handler_zi        c_w.l(__scatter_zi.o)
    0x08000160   0x08000160   0x00000000   Code   RO         2941    .ARM.Collect$$_printf_percent$$00000000  c_w.l(_printf_percent.o)
    0x08000160   0x08000160   0x00000006   Code   RO         3066    .ARM.Collect$$_printf_percent$$00000001  c_w.l(_printf_n.o)
    0x08000166   0x08000166   0x00000006   Code   RO         3067    .ARM.Collect$$_printf_percent$$00000002  c_w.l(_printf_p.o)
    0x0800016c   0x0800016c   0x00000006   Code   RO         3071    .ARM.Collect$$_printf_percent$$00000003  c_w.l(_printf_f.o)
    0x08000172   0x08000172   0x00000006   Code   RO         3072    .ARM.Collect$$_printf_percent$$00000004  c_w.l(_printf_e.o)
    0x08000178   0x08000178   0x00000006   Code   RO         3073    .ARM.Collect$$_printf_percent$$00000005  c_w.l(_printf_g.o)
    0x0800017e   0x0800017e   0x00000006   Code   RO         3074    .ARM.Collect$$_printf_percent$$00000006  c_w.l(_printf_a.o)
    0x08000184   0x08000184   0x0000000a   Code   RO         3079    .ARM.Collect$$_printf_percent$$00000007  c_w.l(_printf_ll.o)
    0x0800018e   0x0800018e   0x00000006   Code   RO         3069    .ARM.Collect$$_printf_percent$$00000008  c_w.l(_printf_i.o)
    0x08000194   0x08000194   0x00000006   Code   RO         2940    .ARM.Collect$$_printf_percent$$00000009  c_w.l(_printf_d.o)
    0x0800019a   0x0800019a   0x00000006   Code   RO         3070    .ARM.Collect$$_printf_percent$$0000000A  c_w.l(_printf_u.o)
    0x080001a0   0x080001a0   0x00000006   Code   RO         3068    .ARM.Collect$$_printf_percent$$0000000B  c_w.l(_printf_o.o)
    0x080001a6   0x080001a6   0x00000006   Code   RO         2939    .ARM.Collect$$_printf_percent$$0000000C  c_w.l(_printf_x.o)
    0x080001ac   0x080001ac   0x00000006   Code   RO         3076    .ARM.Collect$$_printf_percent$$0000000D  c_w.l(_printf_lli.o)
    0x080001b2   0x080001b2   0x00000006   Code   RO         3077    .ARM.Collect$$_printf_percent$$0000000E  c_w.l(_printf_lld.o)
    0x080001b8   0x080001b8   0x00000006   Code   RO         3078    .ARM.Collect$$_printf_percent$$0000000F  c_w.l(_printf_llu.o)
    0x080001be   0x080001be   0x00000006   Code   RO         3083    .ARM.Collect$$_printf_percent$$00000010  c_w.l(_printf_llo.o)
    0x080001c4   0x080001c4   0x00000006   Code   RO         3084    .ARM.Collect$$_printf_percent$$00000011  c_w.l(_printf_llx.o)
    0x080001ca   0x080001ca   0x0000000a   Code   RO         3080    .ARM.Collect$$_printf_percent$$00000012  c_w.l(_printf_l.o)
    0x080001d4   0x080001d4   0x00000006   Code   RO         3064    .ARM.Collect$$_printf_percent$$00000013  c_w.l(_printf_c.o)
    0x080001da   0x080001da   0x00000006   Code   RO         3065    .ARM.Collect$$_printf_percent$$00000014  c_w.l(_printf_s.o)
    0x080001e0   0x080001e0   0x00000006   Code   RO         3081    .ARM.Collect$$_printf_percent$$00000015  c_w.l(_printf_lc.o)
    0x080001e6   0x080001e6   0x00000006   Code   RO         3082    .ARM.Collect$$_printf_percent$$00000016  c_w.l(_printf_ls.o)
    0x080001ec   0x080001ec   0x00000004   Code   RO         3075    .ARM.Collect$$_printf_percent$$00000017  c_w.l(_printf_percent_end.o)
    0x080001f0   0x080001f0   0x00000002   Code   RO         3238    .ARM.Collect$$libinit$$00000000  c_w.l(libinit.o)
    0x080001f2   0x080001f2   0x00000000   Code   RO         3257    .ARM.Collect$$libinit$$00000002  c_w.l(libinit2.o)
    0x080001f2   0x080001f2   0x00000000   Code   RO         3259    .ARM.Collect$$libinit$$00000004  c_w.l(libinit2.o)
    0x080001f2   0x080001f2   0x00000000   Code   RO         3262    .ARM.Collect$$libinit$$0000000A  c_w.l(libinit2.o)
    0x080001f2   0x080001f2   0x00000000   Code   RO         3264    .ARM.Collect$$libinit$$0000000C  c_w.l(libinit2.o)
    0x080001f2   0x080001f2   0x00000000   Code   RO         3266    .ARM.Collect$$libinit$$0000000E  c_w.l(libinit2.o)
    0x080001f2   0x080001f2   0x00000006   Code   RO         3267    .ARM.Collect$$libinit$$0000000F  c_w.l(libinit2.o)
    0x080001f8   0x080001f8   0x00000000   Code   RO         3269    .ARM.Collect$$libinit$$00000011  c_w.l(libinit2.o)
    0x080001f8   0x080001f8   0x0000000c   Code   RO         3270    .ARM.Collect$$libinit$$00000012  c_w.l(libinit2.o)
    0x08000204   0x08000204   0x00000000   Code   RO         3271    .ARM.Collect$$libinit$$00000013  c_w.l(libinit2.o)
    0x08000204   0x08000204   0x00000000   Code   RO         3273    .ARM.Collect$$libinit$$00000015  c_w.l(libinit2.o)
    0x08000204   0x08000204   0x0000000a   Code   RO         3274    .ARM.Collect$$libinit$$00000016  c_w.l(libinit2.o)
    0x0800020e   0x0800020e   0x00000000   Code   RO         3275    .ARM.Collect$$libinit$$00000017  c_w.l(libinit2.o)
    0x0800020e   0x0800020e   0x00000000   Code   RO         3277    .ARM.Collect$$libinit$$00000019  c_w.l(libinit2.o)
    0x0800020e   0x0800020e   0x00000000   Code   RO         3279    .ARM.Collect$$libinit$$0000001B  c_w.l(libinit2.o)
    0x0800020e   0x0800020e   0x00000000   Code   RO         3281    .ARM.Collect$$libinit$$0000001D  c_w.l(libinit2.o)
    0x0800020e   0x0800020e   0x00000000   Code   RO         3283    .ARM.Collect$$libinit$$0000001F  c_w.l(libinit2.o)
    0x0800020e   0x0800020e   0x00000000   Code   RO         3285    .ARM.Collect$$libinit$$00000021  c_w.l(libinit2.o)
    0x0800020e   0x0800020e   0x00000000   Code   RO         3287    .ARM.Collect$$libinit$$00000023  c_w.l(libinit2.o)
    0x0800020e   0x0800020e   0x00000000   Code   RO         3289    .ARM.Collect$$libinit$$00000025  c_w.l(libinit2.o)
    0x0800020e   0x0800020e   0x00000000   Code   RO         3293    .ARM.Collect$$libinit$$0000002C  c_w.l(libinit2.o)
    0x0800020e   0x0800020e   0x00000000   Code   RO         3295    .ARM.Collect$$libinit$$0000002E  c_w.l(libinit2.o)
    0x0800020e   0x0800020e   0x00000000   Code   RO         3297    .ARM.Collect$$libinit$$00000030  c_w.l(libinit2.o)
    0x0800020e   0x0800020e   0x00000000   Code   RO         3299    .ARM.Collect$$libinit$$00000032  c_w.l(libinit2.o)
    0x0800020e   0x0800020e   0x00000002   Code   RO         3300    .ARM.Collect$$libinit$$00000033  c_w.l(libinit2.o)
    0x08000210   0x08000210   0x00000002   Code   RO         3330    .ARM.Collect$$libshutdown$$00000000  c_w.l(libshutdown.o)
    0x08000212   0x08000212   0x00000000   Code   RO         3344    .ARM.Collect$$libshutdown$$00000002  c_w.l(libshutdown2.o)
    0x08000212   0x08000212   0x00000000   Code   RO         3346    .ARM.Collect$$libshutdown$$00000004  c_w.l(libshutdown2.o)
    0x08000212   0x08000212   0x00000000   Code   RO         3349    .ARM.Collect$$libshutdown$$00000007  c_w.l(libshutdown2.o)
    0x08000212   0x08000212   0x00000000   Code   RO         3352    .ARM.Collect$$libshutdown$$0000000A  c_w.l(libshutdown2.o)
    0x08000212   0x08000212   0x00000000   Code   RO         3354    .ARM.Collect$$libshutdown$$0000000C  c_w.l(libshutdown2.o)
    0x08000212   0x08000212   0x00000000   Code   RO         3357    .ARM.Collect$$libshutdown$$0000000F  c_w.l(libshutdown2.o)
    0x08000212   0x08000212   0x00000002   Code   RO         3358    .ARM.Collect$$libshutdown$$00000010  c_w.l(libshutdown2.o)
    0x08000214   0x08000214   0x00000000   Code   RO         3032    .ARM.Collect$$rtentry$$00000000  c_w.l(__rtentry.o)
    0x08000214   0x08000214   0x00000000   Code   RO         3140    .ARM.Collect$$rtentry$$00000002  c_w.l(__rtentry2.o)
    0x08000214   0x08000214   0x00000006   Code   RO         3152    .ARM.Collect$$rtentry$$00000004  c_w.l(__rtentry4.o)
    0x0800021a   0x0800021a   0x00000000   Code   RO         3142    .ARM.Collect$$rtentry$$00000009  c_w.l(__rtentry2.o)
    0x0800021a   0x0800021a   0x00000004   Code   RO         3143    .ARM.Collect$$rtentry$$0000000A  c_w.l(__rtentry2.o)
    0x0800021e   0x0800021e   0x00000000   Code   RO         3145    .ARM.Collect$$rtentry$$0000000C  c_w.l(__rtentry2.o)
    0x0800021e   0x0800021e   0x00000008   Code   RO         3146    .ARM.Collect$$rtentry$$0000000D  c_w.l(__rtentry2.o)
    0x08000226   0x08000226   0x00000002   Code   RO         3245    .ARM.Collect$$rtexit$$00000000  c_w.l(rtexit.o)
    0x08000228   0x08000228   0x00000000   Code   RO         3304    .ARM.Collect$$rtexit$$00000002  c_w.l(rtexit2.o)
    0x08000228   0x08000228   0x00000004   Code   RO         3305    .ARM.Collect$$rtexit$$00000003  c_w.l(rtexit2.o)
    0x0800022c   0x0800022c   0x00000006   Code   RO         3306    .ARM.Collect$$rtexit$$00000004  c_w.l(rtexit2.o)
    0x08000232   0x08000232   0x00000002   PAD
    0x08000234   0x08000234   0x00000040   Code   RO           20    .text               startup_stm32f10x_md.o
    0x08000274   0x08000274   0x00000002   Code   RO         2882    .text               c_w.l(use_no_semi_2.o)
    0x08000276   0x08000276   0x00000048   Code   RO         2884    .text               c_w.l(llsdiv.o)
    0x080002be   0x080002be   0x00000002   PAD
    0x080002c0   0x080002c0   0x00000034   Code   RO         2886    .text               c_w.l(c89vsnprintf.o)
    0x080002f4   0x080002f4   0x00000018   Code   RO         2888    .text               c_w.l(__2printf.o)
    0x0800030c   0x0800030c   0x0000004e   Code   RO         2894    .text               c_w.l(_printf_pad.o)
    0x0800035a   0x0800035a   0x00000002   PAD
    0x0800035c   0x0800035c   0x00000078   Code   RO         2896    .text               c_w.l(_printf_dec.o)
    0x080003d4   0x080003d4   0x00000094   Code   RO         2916    .text               c_w.l(_printf_hex_int_ll_ptr.o)
    0x08000468   0x08000468   0x00000188   Code   RO         2936    .text               c_w.l(__printf_flags_ss_wp.o)
    0x080005f0   0x080005f0   0x00000058   Code   RO         2942    .text               c_w.l(memcmp.o)
    0x08000648   0x08000648   0x00000010   Code   RO         2944    .text               c_w.l(aeabi_memset.o)
    0x08000658   0x08000658   0x00000006   Code   RO         2946    .text               c_w.l(heapauxi.o)
    0x0800065e   0x0800065e   0x00000002   Code   RO         3030    .text               c_w.l(use_no_semi.o)
    0x08000660   0x08000660   0x000000ee   Code   RO         3033    .text               c_w.l(lludivv7m.o)
    0x0800074e   0x0800074e   0x00000016   Code   RO         3035    .text               c_w.l(_rserrno.o)
    0x08000764   0x08000764   0x00000024   Code   RO         3037    .text               c_w.l(_printf_truncate.o)
    0x08000788   0x08000788   0x00000052   Code   RO         3039    .text               c_w.l(_printf_str.o)
    0x080007da   0x080007da   0x000000b2   Code   RO         3041    .text               c_w.l(_printf_intcommon.o)
    0x0800088c   0x0800088c   0x00000028   Code   RO         3043    .text               c_w.l(_printf_charcount.o)
    0x080008b4   0x080008b4   0x00000030   Code   RO         3045    .text               c_w.l(_printf_char_common.o)
    0x080008e4   0x080008e4   0x0000000a   Code   RO         3047    .text               c_w.l(_sputc.o)
    0x080008ee   0x080008ee   0x00000010   Code   RO         3049    .text               c_w.l(_snputc.o)
    0x080008fe   0x080008fe   0x00000002   PAD
    0x08000900   0x08000900   0x00000024   Code   RO         3051    .text               c_w.l(_printf_char_file.o)
    0x08000924   0x08000924   0x000000bc   Code   RO         3053    .text               c_w.l(_printf_wctomb.o)
    0x080009e0   0x080009e0   0x0000007c   Code   RO         3056    .text               c_w.l(_printf_longlong_dec.o)
    0x08000a5c   0x08000a5c   0x00000070   Code   RO         3062    .text               c_w.l(_printf_oct_int_ll.o)
    0x08000acc   0x08000acc   0x00000044   Code   RO         3085    .text               c_w.l(rt_memclr.o)
    0x08000b10   0x08000b10   0x00000008   Code   RO         3161    .text               c_w.l(rt_errno_addr_intlibspace.o)
    0x08000b18   0x08000b18   0x0000008a   Code   RO         3163    .text               c_w.l(lludiv10.o)
    0x08000ba2   0x08000ba2   0x0000041e   Code   RO         3165    .text               c_w.l(_printf_fp_dec.o)
    0x08000fc0   0x08000fc0   0x0000002c   Code   RO         3169    .text               c_w.l(_printf_char.o)
    0x08000fec   0x08000fec   0x0000002c   Code   RO         3171    .text               c_w.l(_printf_wchar.o)
    0x08001018   0x08001018   0x00000008   Code   RO         3173    .text               c_w.l(ferror.o)
    0x08001020   0x08001020   0x00000040   Code   RO         3177    .text               c_w.l(_wcrtomb.o)
    0x08001060   0x08001060   0x0000004e   Code   RO         3179    .text               c_w.l(rt_memclr_w.o)
    0x080010ae   0x080010ae   0x00000002   PAD
    0x080010b0   0x080010b0   0x00000008   Code   RO         3187    .text               c_w.l(libspace.o)
    0x080010b8   0x080010b8   0x0000004a   Code   RO         3190    .text               c_w.l(sys_stackheap_outer.o)
    0x08001102   0x08001102   0x00000002   PAD
    0x08001104   0x08001104   0x00000010   Code   RO         3192    .text               c_w.l(rt_ctype_table.o)
    0x08001114   0x08001114   0x00000008   Code   RO         3199    .text               c_w.l(rt_locale_intlibspace.o)
    0x0800111c   0x0800111c   0x00000080   Code   RO         3201    .text               c_w.l(_printf_fp_infnan.o)
    0x0800119c   0x0800119c   0x000000e4   Code   RO         3203    .text               c_w.l(bigflt0.o)
    0x08001280   0x08001280   0x00000012   Code   RO         3231    .text               c_w.l(exit.o)
    0x08001292   0x08001292   0x00000002   PAD
    0x08001294   0x08001294   0x00000080   Code   RO         3254    .text               c_w.l(strcmpv7m.o)
    0x08001314   0x08001314   0x0000003e   Code   RO         3206    CL$$btod_d2e        c_w.l(btod.o)
    0x08001352   0x08001352   0x00000046   Code   RO         3208    CL$$btod_d2e_denorm_low  c_w.l(btod.o)
    0x08001398   0x08001398   0x00000060   Code   RO         3207    CL$$btod_d2e_norm_op1  c_w.l(btod.o)
    0x080013f8   0x080013f8   0x00000338   Code   RO         3216    CL$$btod_div_common  c_w.l(btod.o)
    0x08001730   0x08001730   0x000000dc   Code   RO         3213    CL$$btod_e2e        c_w.l(btod.o)
    0x0800180c   0x0800180c   0x0000002a   Code   RO         3210    CL$$btod_ediv       c_w.l(btod.o)
    0x08001836   0x08001836   0x0000002a   Code   RO         3209    CL$$btod_emul       c_w.l(btod.o)
    0x08001860   0x08001860   0x00000244   Code   RO         3215    CL$$btod_mult_common  c_w.l(btod.o)
    0x08001aa4   0x08001aa4   0x00000016   Code   RO         1347    i.ADC_Cmd           stm32f10x_adc.o
    0x08001aba   0x08001aba   0x00000002   PAD
    0x08001abc   0x08001abc   0x0000005c   Code   RO         1349    i.ADC_DeInit        stm32f10x_adc.o
    0x08001b18   0x08001b18   0x00000014   Code   RO         1355    i.ADC_GetCalibrationStatus  stm32f10x_adc.o
    0x08001b2c   0x08001b2c   0x00000008   Code   RO         1356    i.ADC_GetConversionValue  stm32f10x_adc.o
    0x08001b34   0x08001b34   0x00000012   Code   RO         1358    i.ADC_GetFlagStatus  stm32f10x_adc.o
    0x08001b46   0x08001b46   0x00000014   Code   RO         1361    i.ADC_GetResetCalibrationStatus  stm32f10x_adc.o
    0x08001b5a   0x08001b5a   0x00000002   PAD
    0x08001b5c   0x08001b5c   0x00000050   Code   RO         1365    i.ADC_Init          stm32f10x_adc.o
    0x08001bac   0x08001bac   0x000000b8   Code   RO         1369    i.ADC_RegularChannelConfig  stm32f10x_adc.o
    0x08001c64   0x08001c64   0x0000000a   Code   RO         1370    i.ADC_ResetCalibration  stm32f10x_adc.o
    0x08001c6e   0x08001c6e   0x00000016   Code   RO         1372    i.ADC_SoftwareStartConvCmd  stm32f10x_adc.o
    0x08001c84   0x08001c84   0x0000000a   Code   RO         1374    i.ADC_StartCalibration  stm32f10x_adc.o
    0x08001c8e   0x08001c8e   0x00000004   Code   RO         1620    i.BusFault_Handler  stm32f10x_it.o
    0x08001c92   0x08001c92   0x00000002   Code   RO         1621    i.DebugMon_Handler  stm32f10x_it.o
    0x08001c94   0x08001c94   0x000000bc   Code   RO         2767    i.EXTI1_IRQHandler  wave.o
    0x08001d50   0x08001d50   0x0000000c   Code   RO         1567    i.EXTI_ClearITPendingBit  stm32f10x_exti.o
    0x08001d5c   0x08001d5c   0x00000028   Code   RO         1571    i.EXTI_GetITStatus  stm32f10x_exti.o
    0x08001d84   0x08001d84   0x00000094   Code   RO         1572    i.EXTI_Init         stm32f10x_exti.o
    0x08001e18   0x08001e18   0x00000010   Code   RO         1953    i.GFP_abs           motor.o
    0x08001e28   0x08001e28   0x00000040   Code   RO          298    i.GPIO_EXTILineConfig  stm32f10x_gpio.o
    0x08001e68   0x08001e68   0x00000116   Code   RO          301    i.GPIO_Init         stm32f10x_gpio.o
    0x08001f7e   0x08001f7e   0x00000012   Code   RO          305    i.GPIO_ReadInputDataBit  stm32f10x_gpio.o
    0x08001f90   0x08001f90   0x00000004   Code   RO          308    i.GPIO_ResetBits    stm32f10x_gpio.o
    0x08001f94   0x08001f94   0x00000004   Code   RO          309    i.GPIO_SetBits      stm32f10x_gpio.o
    0x08001f98   0x08001f98   0x00000034   Code   RO         2737    i.Get_adc           adc.o
    0x08001fcc   0x08001fcc   0x0000002e   Code   RO         2738    i.Get_adc_Average   adc.o
    0x08001ffa   0x08001ffa   0x00000004   Code   RO         1622    i.HardFault_Handler  stm32f10x_it.o
    0x08001ffe   0x08001ffe   0x00000002   PAD
    0x08002000   0x08002000   0x0000002c   Code   RO         1954    i.Limit             motor.o
    0x0800202c   0x0800202c   0x00000040   Code   RO         1955    i.Load              motor.o
    0x0800206c   0x0800206c   0x0000004c   Code   RO         2644    i.MPU_IIC_Ack       mpuiic.o
    0x080020b8   0x080020b8   0x0000000a   Code   RO         2645    i.MPU_IIC_Delay     mpuiic.o
    0x080020c2   0x080020c2   0x00000002   PAD
    0x080020c4   0x080020c4   0x00000038   Code   RO         2646    i.MPU_IIC_Init      mpuiic.o
    0x080020fc   0x080020fc   0x0000004c   Code   RO         2647    i.MPU_IIC_NAck      mpuiic.o
    0x08002148   0x08002148   0x0000006c   Code   RO         2648    i.MPU_IIC_Read_Byte  mpuiic.o
    0x080021b4   0x080021b4   0x0000005c   Code   RO         2649    i.MPU_IIC_Send_Byte  mpuiic.o
    0x08002210   0x08002210   0x00000048   Code   RO         2650    i.MPU_IIC_Start     mpuiic.o
    0x08002258   0x08002258   0x00000048   Code   RO         2651    i.MPU_IIC_Stop      mpuiic.o
    0x080022a0   0x080022a0   0x00000064   Code   RO         2652    i.MPU_IIC_Wait_Ack  mpuiic.o
    0x08002304   0x08002304   0x0000007a   Code   RO         2563    i.MPU_Init          mpu6050.o
    0x0800237e   0x0800237e   0x0000003a   Code   RO         2564    i.MPU_Read_Byte     mpu6050.o
    0x080023b8   0x080023b8   0x00000074   Code   RO         2565    i.MPU_Read_Len      mpu6050.o
    0x0800242c   0x0800242c   0x00000010   Code   RO         2566    i.MPU_Set_Accel_Fsr  mpu6050.o
    0x0800243c   0x0800243c   0x00000010   Code   RO         2567    i.MPU_Set_Gyro_Fsr  mpu6050.o
    0x0800244c   0x0800244c   0x0000003a   Code   RO         2568    i.MPU_Set_LPF       mpu6050.o
    0x08002486   0x08002486   0x0000003a   Code   RO         2569    i.MPU_Set_Rate      mpu6050.o
    0x080024c0   0x080024c0   0x00000044   Code   RO         2570    i.MPU_Write_Byte    mpu6050.o
    0x08002504   0x08002504   0x00000060   Code   RO         2571    i.MPU_Write_Len     mpu6050.o
    0x08002564   0x08002564   0x00000004   Code   RO         1623    i.MemManage_Handler  stm32f10x_it.o
    0x08002568   0x08002568   0x00000002   Code   RO         1624    i.NMI_Handler       stm32f10x_it.o
    0x0800256a   0x0800256a   0x00000002   PAD
    0x0800256c   0x0800256c   0x00000070   Code   RO           24    i.NVIC_Init         misc.o
    0x080025dc   0x080025dc   0x00000014   Code   RO           25    i.NVIC_PriorityGroupConfig  misc.o
    0x080025f0   0x080025f0   0x00000002   Code   RO         1625    i.PendSV_Handler    stm32f10x_it.o
    0x080025f2   0x080025f2   0x00000002   PAD
    0x080025f4   0x080025f4   0x00000018   Code   RO           95    i.RCC_ADCCLKConfig  stm32f10x_rcc.o
    0x0800260c   0x0800260c   0x00000020   Code   RO           97    i.RCC_APB1PeriphClockCmd  stm32f10x_rcc.o
    0x0800262c   0x0800262c   0x00000020   Code   RO           98    i.RCC_APB1PeriphResetCmd  stm32f10x_rcc.o
    0x0800264c   0x0800264c   0x00000020   Code   RO           99    i.RCC_APB2PeriphClockCmd  stm32f10x_rcc.o
    0x0800266c   0x0800266c   0x00000020   Code   RO          100    i.RCC_APB2PeriphResetCmd  stm32f10x_rcc.o
    0x0800268c   0x0800268c   0x000000d4   Code   RO          107    i.RCC_GetClocksFreq  stm32f10x_rcc.o
    0x08002760   0x08002760   0x00000020   Code   RO         1956    i.Read_Encoder      motor.o
    0x08002780   0x08002780   0x00000002   Code   RO         1626    i.SVC_Handler       stm32f10x_it.o
    0x08002782   0x08002782   0x00000008   Code   RO         1738    i.SetSysClock       system_stm32f10x.o
    0x0800278a   0x0800278a   0x00000002   PAD
    0x0800278c   0x0800278c   0x000000e0   Code   RO         1739    i.SetSysClockTo72   system_stm32f10x.o
    0x0800286c   0x0800286c   0x00000008   Code   RO         1627    i.SysTick_Handler   stm32f10x_it.o
    0x08002874   0x08002874   0x00000078   Code   RO         2705    i.SysTick_Init      systick.o
    0x080028ec   0x080028ec   0x00000060   Code   RO         1741    i.SystemInit        system_stm32f10x.o
    0x0800294c   0x0800294c   0x00000080   Code   RO          793    i.TI1_Config        stm32f10x_tim.o
    0x080029cc   0x080029cc   0x00000098   Code   RO          794    i.TI2_Config        stm32f10x_tim.o
    0x08002a64   0x08002a64   0x00000090   Code   RO          795    i.TI3_Config        stm32f10x_tim.o
    0x08002af4   0x08002af4   0x00000098   Code   RO          796    i.TI4_Config        stm32f10x_tim.o
    0x08002b8c   0x08002b8c   0x000000a8   Code   RO         2813    i.TIM1_PWM_Servo_Init  servo.o
    0x08002c34   0x08002c34   0x00000020   Code   RO         2768    i.TIM2_IRQHandler   wave.o
    0x08002c54   0x08002c54   0x0000007a   Code   RO         2769    i.TIM2_Update_Wave_Init  wave.o
    0x08002cce   0x08002cce   0x00000002   PAD
    0x08002cd0   0x08002cd0   0x000000dc   Code   RO         1957    i.TIM3_PWM_Motor_Led_Init  motor.o
    0x08002dac   0x08002dac   0x000000a8   Code   RO         1958    i.TIM4_Encoder_wheel_Init  motor.o
    0x08002e54   0x08002e54   0x00000018   Code   RO         1959    i.TIM4_IRQHandler   motor.o
    0x08002e6c   0x08002e6c   0x00000018   Code   RO          797    i.TIM_ARRPreloadConfig  stm32f10x_tim.o
    0x08002e84   0x08002e84   0x00000006   Code   RO          803    i.TIM_ClearFlag     stm32f10x_tim.o
    0x08002e8a   0x08002e8a   0x00000006   Code   RO          804    i.TIM_ClearITPendingBit  stm32f10x_tim.o
    0x08002e90   0x08002e90   0x00000018   Code   RO          809    i.TIM_Cmd           stm32f10x_tim.o
    0x08002ea8   0x08002ea8   0x0000001e   Code   RO          811    i.TIM_CtrlPWMOutputs  stm32f10x_tim.o
    0x08002ec6   0x08002ec6   0x00000002   PAD
    0x08002ec8   0x08002ec8   0x000001e8   Code   RO          814    i.TIM_DeInit        stm32f10x_tim.o
    0x080030b0   0x080030b0   0x00000042   Code   RO          818    i.TIM_EncoderInterfaceConfig  stm32f10x_tim.o
    0x080030f2   0x080030f2   0x00000006   Code   RO          828    i.TIM_GetCounter    stm32f10x_tim.o
    0x080030f8   0x080030f8   0x00000022   Code   RO          830    i.TIM_GetITStatus   stm32f10x_tim.o
    0x0800311a   0x0800311a   0x00000002   PAD
    0x0800311c   0x0800311c   0x000000ac   Code   RO          832    i.TIM_ICInit        stm32f10x_tim.o
    0x080031c8   0x080031c8   0x00000012   Code   RO          833    i.TIM_ICStructInit  stm32f10x_tim.o
    0x080031da   0x080031da   0x00000012   Code   RO          834    i.TIM_ITConfig      stm32f10x_tim.o
    0x080031ec   0x080031ec   0x00000098   Code   RO          838    i.TIM_OC1Init       stm32f10x_tim.o
    0x08003284   0x08003284   0x00000012   Code   RO          841    i.TIM_OC1PreloadConfig  stm32f10x_tim.o
    0x08003296   0x08003296   0x00000002   PAD
    0x08003298   0x08003298   0x000000a4   Code   RO          843    i.TIM_OC2Init       stm32f10x_tim.o
    0x0800333c   0x0800333c   0x0000001a   Code   RO          846    i.TIM_OC2PreloadConfig  stm32f10x_tim.o
    0x08003356   0x08003356   0x00000002   PAD
    0x08003358   0x08003358   0x000000a0   Code   RO          848    i.TIM_OC3Init       stm32f10x_tim.o
    0x080033f8   0x080033f8   0x00000012   Code   RO          851    i.TIM_OC3PreloadConfig  stm32f10x_tim.o
    0x0800340a   0x0800340a   0x00000002   PAD
    0x0800340c   0x0800340c   0x0000007c   Code   RO          853    i.TIM_OC4Init       stm32f10x_tim.o
    0x08003488   0x08003488   0x0000001a   Code   RO          855    i.TIM_OC4PreloadConfig  stm32f10x_tim.o
    0x080034a2   0x080034a2   0x00000004   Code   RO          870    i.TIM_SetCompare1   stm32f10x_tim.o
    0x080034a6   0x080034a6   0x00000006   Code   RO          873    i.TIM_SetCompare4   stm32f10x_tim.o
    0x080034ac   0x080034ac   0x00000004   Code   RO          874    i.TIM_SetCounter    stm32f10x_tim.o
    0x080034b0   0x080034b0   0x00000012   Code   RO          875    i.TIM_SetIC1Prescaler  stm32f10x_tim.o
    0x080034c2   0x080034c2   0x0000001a   Code   RO          876    i.TIM_SetIC2Prescaler  stm32f10x_tim.o
    0x080034dc   0x080034dc   0x00000012   Code   RO          877    i.TIM_SetIC3Prescaler  stm32f10x_tim.o
    0x080034ee   0x080034ee   0x0000001a   Code   RO          878    i.TIM_SetIC4Prescaler  stm32f10x_tim.o
    0x08003508   0x08003508   0x000000a4   Code   RO          880    i.TIM_TimeBaseInit  stm32f10x_tim.o
    0x080035ac   0x080035ac   0x00000088   Code   RO         1842    i.USART1_IRQHandler  usart.o
    0x08003634   0x08003634   0x000000c8   Code   RO         1883    i.USART2_IRQHandler  usart2.o
    0x080036fc   0x080036fc   0x0000001e   Code   RO          410    i.USART_ClearITPendingBit  stm32f10x_usart.o
    0x0800371a   0x0800371a   0x00000018   Code   RO          413    i.USART_Cmd         stm32f10x_usart.o
    0x08003732   0x08003732   0x00000002   PAD
    0x08003734   0x08003734   0x0000009c   Code   RO          415    i.USART_DeInit      stm32f10x_usart.o
    0x080037d0   0x080037d0   0x0000001a   Code   RO          416    i.USART_GetFlagStatus  stm32f10x_usart.o
    0x080037ea   0x080037ea   0x00000054   Code   RO          417    i.USART_GetITStatus  stm32f10x_usart.o
    0x0800383e   0x0800383e   0x0000004a   Code   RO          419    i.USART_ITConfig    stm32f10x_usart.o
    0x08003888   0x08003888   0x000000d8   Code   RO          420    i.USART_Init        stm32f10x_usart.o
    0x08003960   0x08003960   0x0000000a   Code   RO          427    i.USART_ReceiveData  stm32f10x_usart.o
    0x0800396a   0x0800396a   0x00000008   Code   RO          430    i.USART_SendData    stm32f10x_usart.o
    0x08003972   0x08003972   0x00000004   Code   RO         1628    i.UsageFault_Handler  stm32f10x_it.o
    0x08003976   0x08003976   0x00000002   PAD
    0x08003978   0x08003978   0x000000a0   Code   RO         2837    i.Velocity_IncCtrl_PI  pid.o
    0x08003a18   0x08003a18   0x000000e8   Code   RO         2838    i.Velocity_PI       pid.o
    0x08003b00   0x08003b00   0x000000a0   Code   RO         2839    i.Vertical_PD       pid.o
    0x08003ba0   0x08003ba0   0x00000088   Code   RO         2770    i.Wave_CtrlPin_Init  wave.o
    0x08003c28   0x08003c28   0x00000020   Code   RO         2771    i.Wave_Strat        wave.o
    0x08003c48   0x08003c48   0x00000028   Code   RO         3126    i.__ARM_fpclassify  m_ws.l(fpclassify.o)
    0x08003c70   0x08003c70   0x000000aa   Code   RO         3128    i.__kernel_poly     m_ws.l(poly.o)
    0x08003d1a   0x08003d1a   0x00000006   Code   RO         3113    i.__mathlib_dbl_infnan  m_ws.l(dunder.o)
    0x08003d20   0x08003d20   0x00000004   Code   RO         3114    i.__mathlib_dbl_infnan2  m_ws.l(dunder.o)
    0x08003d24   0x08003d24   0x0000000c   Code   RO         3115    i.__mathlib_dbl_invalid  m_ws.l(dunder.o)
    0x08003d30   0x08003d30   0x00000010   Code   RO         3118    i.__mathlib_dbl_underflow  m_ws.l(dunder.o)
    0x08003d40   0x08003d40   0x0000000e   Code   RO         2929    i._is_digit         c_w.l(__printf_wp.o)
    0x08003d4e   0x08003d4e   0x00000006   Code   RO         1843    i._sys_exit         usart.o
    0x08003d54   0x08003d54   0x000000a8   Code   RO         2050    i.accel_self_test   inv_mpu.o
    0x08003dfc   0x08003dfc   0x0000009c   Code   RO         2739    i.adc_Battery_Init  adc.o
    0x08003e98   0x08003e98   0x00000270   Code   RO         3013    i.asin              m_ws.l(asin.o)
    0x08004108   0x08004108   0x00000220   Code   RO         3103    i.atan              m_ws.l(atan.o)
    0x08004328   0x08004328   0x00000180   Code   RO         3023    i.atan2             m_ws.l(atan2.o)
    0x080044a8   0x080044a8   0x000008c0   Code   RO         2840    i.control           pid.o
    0x08004d68   0x08004d68   0x00000064   Code   RO         2378    i.decode_gesture    inv_mpu_dmp_motion_driver.o
    0x08004dcc   0x08004dcc   0x00000018   Code   RO         1806    i.delay_ms          delay.o
    0x08004de4   0x08004de4   0x0000001a   Code   RO         1807    i.delay_us          delay.o
    0x08004dfe   0x08004dfe   0x0000003c   Code   RO         2379    i.dmp_enable_6x_lp_quat  inv_mpu_dmp_motion_driver.o
    0x08004e3a   0x08004e3a   0x00000002   PAD
    0x08004e3c   0x08004e3c   0x0000021c   Code   RO         2380    i.dmp_enable_feature  inv_mpu_dmp_motion_driver.o
    0x08005058   0x08005058   0x00000058   Code   RO         2381    i.dmp_enable_gyro_cal  inv_mpu_dmp_motion_driver.o
    0x080050b0   0x080050b0   0x0000003c   Code   RO         2382    i.dmp_enable_lp_quat  inv_mpu_dmp_motion_driver.o
    0x080050ec   0x080050ec   0x00000018   Code   RO         2387    i.dmp_load_motion_driver_firmware  inv_mpu_dmp_motion_driver.o
    0x08005104   0x08005104   0x000001cc   Code   RO         2388    i.dmp_read_fifo     inv_mpu_dmp_motion_driver.o
    0x080052d0   0x080052d0   0x00000130   Code   RO         2391    i.dmp_set_accel_bias  inv_mpu_dmp_motion_driver.o
    0x08005400   0x08005400   0x00000070   Code   RO         2392    i.dmp_set_fifo_rate  inv_mpu_dmp_motion_driver.o
    0x08005470   0x08005470   0x00000130   Code   RO         2393    i.dmp_set_gyro_bias  inv_mpu_dmp_motion_driver.o
    0x080055a0   0x080055a0   0x00000138   Code   RO         2395    i.dmp_set_orientation  inv_mpu_dmp_motion_driver.o
    0x080056d8   0x080056d8   0x00000038   Code   RO         2398    i.dmp_set_shake_reject_thresh  inv_mpu_dmp_motion_driver.o
    0x08005710   0x08005710   0x00000026   Code   RO         2399    i.dmp_set_shake_reject_time  inv_mpu_dmp_motion_driver.o
    0x08005736   0x08005736   0x00000026   Code   RO         2400    i.dmp_set_shake_reject_timeout  inv_mpu_dmp_motion_driver.o
    0x0800575c   0x0800575c   0x00000046   Code   RO         2401    i.dmp_set_tap_axes  inv_mpu_dmp_motion_driver.o
    0x080057a2   0x080057a2   0x00000026   Code   RO         2402    i.dmp_set_tap_count  inv_mpu_dmp_motion_driver.o
    0x080057c8   0x080057c8   0x000001a0   Code   RO         2403    i.dmp_set_tap_thresh  inv_mpu_dmp_motion_driver.o
    0x08005968   0x08005968   0x00000026   Code   RO         2404    i.dmp_set_tap_time  inv_mpu_dmp_motion_driver.o
    0x0800598e   0x0800598e   0x00000026   Code   RO         2405    i.dmp_set_tap_time_multi  inv_mpu_dmp_motion_driver.o
    0x080059b4   0x080059b4   0x0000001c   Code   RO         1844    i.fputc             usart.o
    0x080059d0   0x080059d0   0x000000b4   Code   RO         2051    i.get_accel_prod_shift  inv_mpu.o
    0x08005a84   0x08005a84   0x00000470   Code   RO         2052    i.get_st_biases     inv_mpu.o
    0x08005ef4   0x08005ef4   0x00000110   Code   RO         2053    i.gyro_self_test    inv_mpu.o
    0x08006004   0x08006004   0x00000028   Code   RO         2054    i.inv_orientation_matrix_to_scalar  inv_mpu.o
    0x0800602c   0x0800602c   0x0000004e   Code   RO         2055    i.inv_row_2_scale   inv_mpu.o
    0x0800607a   0x0800607a   0x00000002   PAD
    0x0800607c   0x0800607c   0x000000e8   Code   RO         1772    i.main              main.o
    0x08006164   0x08006164   0x00000002   Code   RO         2056    i.mget_ms           inv_mpu.o
    0x08006166   0x08006166   0x00000002   PAD
    0x08006168   0x08006168   0x00000074   Code   RO         1960    i.motor_GtrlPin_init  motor.o
    0x080061dc   0x080061dc   0x00000018   Code   RO         1961    i.motor_n20_Back    motor.o
    0x080061f4   0x080061f4   0x00000018   Code   RO         1962    i.motor_n20_Disable  motor.o
    0x0800620c   0x0800620c   0x00000018   Code   RO         1963    i.motor_n20_Forward  motor.o
    0x08006224   0x08006224   0x00000070   Code   RO         2057    i.mpu_configure_fifo  inv_mpu.o
    0x08006294   0x08006294   0x00000230   Code   RO         2058    i.mpu_dmp_get_data  inv_mpu.o
    0x080064c4   0x080064c4   0x000000a0   Code   RO         2059    i.mpu_dmp_init      inv_mpu.o
    0x08006564   0x08006564   0x0000004c   Code   RO         2060    i.mpu_get_accel_fsr  inv_mpu.o
    0x080065b0   0x080065b0   0x00000054   Code   RO         2062    i.mpu_get_accel_sens  inv_mpu.o
    0x08006604   0x08006604   0x00000010   Code   RO         2067    i.mpu_get_fifo_config  inv_mpu.o
    0x08006614   0x08006614   0x00000044   Code   RO         2068    i.mpu_get_gyro_fsr  inv_mpu.o
    0x08006658   0x08006658   0x00000050   Code   RO         2070    i.mpu_get_gyro_sens  inv_mpu.o
    0x080066a8   0x080066a8   0x00000050   Code   RO         2072    i.mpu_get_lpf       inv_mpu.o
    0x080066f8   0x080066f8   0x00000020   Code   RO         2074    i.mpu_get_sample_rate  inv_mpu.o
    0x08006718   0x08006718   0x000001f0   Code   RO         2076    i.mpu_init          inv_mpu.o
    0x08006908   0x08006908   0x000000b8   Code   RO         2077    i.mpu_load_firmware  inv_mpu.o
    0x080069c0   0x080069c0   0x000000e0   Code   RO         2078    i.mpu_lp_accel_mode  inv_mpu.o
    0x08006aa0   0x08006aa0   0x000000c0   Code   RO         2081    i.mpu_read_fifo_stream  inv_mpu.o
    0x08006b60   0x08006b60   0x00000080   Code   RO         2082    i.mpu_read_mem      inv_mpu.o
    0x08006be0   0x08006be0   0x000001c8   Code   RO         2085    i.mpu_reset_fifo    inv_mpu.o
    0x08006da8   0x08006da8   0x0000011c   Code   RO         2086    i.mpu_run_self_test  inv_mpu.o
    0x08006ec4   0x08006ec4   0x00000084   Code   RO         2088    i.mpu_set_accel_fsr  inv_mpu.o
    0x08006f48   0x08006f48   0x0000014c   Code   RO         2089    i.mpu_set_bypass    inv_mpu.o
    0x08007094   0x08007094   0x00000090   Code   RO         2091    i.mpu_set_dmp_state  inv_mpu.o
    0x08007124   0x08007124   0x00000088   Code   RO         2092    i.mpu_set_gyro_fsr  inv_mpu.o
    0x080071ac   0x080071ac   0x0000006c   Code   RO         2093    i.mpu_set_int_latched  inv_mpu.o
    0x08007218   0x08007218   0x00000084   Code   RO         2095    i.mpu_set_lpf       inv_mpu.o
    0x0800729c   0x0800729c   0x0000009c   Code   RO         2096    i.mpu_set_sample_rate  inv_mpu.o
    0x08007338   0x08007338   0x000000d0   Code   RO         2097    i.mpu_set_sensors   inv_mpu.o
    0x08007408   0x08007408   0x00000080   Code   RO         2098    i.mpu_write_mem     inv_mpu.o
    0x08007488   0x08007488   0x00000020   Code   RO         1964    i.openBlueLed       motor.o
    0x080074a8   0x080074a8   0x00000020   Code   RO         1965    i.openGreenLed      motor.o
    0x080074c8   0x080074c8   0x00000018   Code   RO         1966    i.openRedLed        motor.o
    0x080074e0   0x080074e0   0x00000050   Code   RO         1885    i.printf2           usart2.o
    0x08007530   0x08007530   0x00000094   Code   RO         2099    i.run_self_test     inv_mpu.o
    0x080075c4   0x080075c4   0x0000005c   Code   RO         2814    i.servo_CtrlCarTrun  servo.o
    0x08007620   0x08007620   0x0000005c   Code   RO         2815    i.servo_CtrlWaveTrun  servo.o
    0x0800767c   0x0800767c   0x00000090   Code   RO         2100    i.set_int_enable    inv_mpu.o
    0x0800770c   0x0800770c   0x0000004c   Code   RO         3132    i.sqrt              m_ws.l(sqrt.o)
    0x08007758   0x08007758   0x000000b8   Code   RO         1888    i.usart2_Init       usart2.o
    0x08007810   0x08007810   0x0000002c   Code   RO         3229    locale$$code        c_w.l(lc_numeric_c.o)
    0x0800783c   0x0800783c   0x0000002c   Code   RO         3248    locale$$code        c_w.l(lc_ctype_c.o)
    0x08007868   0x08007868   0x00000062   Code   RO         2950    x$fpl$d2f           fz_ws.l(d2f.o)
    0x080078ca   0x080078ca   0x00000002   PAD
    0x080078cc   0x080078cc   0x00000150   Code   RO         2952    x$fpl$dadd          fz_ws.l(daddsub_clz.o)
    0x08007a1c   0x08007a1c   0x00000010   Code   RO         3181    x$fpl$dcheck1       fz_ws.l(dcheck1.o)
    0x08007a2c   0x08007a2c   0x000002b0   Code   RO         2959    x$fpl$ddiv          fz_ws.l(ddiv.o)
    0x08007cdc   0x08007cdc   0x0000005e   Code   RO         2962    x$fpl$dfix          fz_ws.l(dfix.o)
    0x08007d3a   0x08007d3a   0x00000002   PAD
    0x08007d3c   0x08007d3c   0x0000005a   Code   RO         2966    x$fpl$dfixu         fz_ws.l(dfixu.o)
    0x08007d96   0x08007d96   0x0000002e   Code   RO         2971    x$fpl$dflt          fz_ws.l(dflt_clz.o)
    0x08007dc4   0x08007dc4   0x00000026   Code   RO         2970    x$fpl$dfltu         fz_ws.l(dflt_clz.o)
    0x08007dea   0x08007dea   0x00000002   PAD
    0x08007dec   0x08007dec   0x00000154   Code   RO         2976    x$fpl$dmul          fz_ws.l(dmul.o)
    0x08007f40   0x08007f40   0x0000009c   Code   RO         3087    x$fpl$dnaninf       fz_ws.l(dnaninf.o)
    0x08007fdc   0x08007fdc   0x0000000c   Code   RO         3089    x$fpl$dretinf       fz_ws.l(dretinf.o)
    0x08007fe8   0x08007fe8   0x00000016   Code   RO         2953    x$fpl$drsb          fz_ws.l(daddsub_clz.o)
    0x08007ffe   0x08007ffe   0x00000002   PAD
    0x08008000   0x08008000   0x000001cc   Code   RO         3185    x$fpl$dsqrt         fz_ws.l(dsqrt_noumaal.o)
    0x080081cc   0x080081cc   0x000001d4   Code   RO         2954    x$fpl$dsub          fz_ws.l(daddsub_clz.o)
    0x080083a0   0x080083a0   0x00000056   Code   RO         2978    x$fpl$f2d           fz_ws.l(f2d.o)
    0x080083f6   0x080083f6   0x00000002   PAD
    0x080083f8   0x080083f8   0x000000c4   Code   RO         2980    x$fpl$fadd          fz_ws.l(faddsub_clz.o)
    0x080084bc   0x080084bc   0x00000018   Code   RO         3091    x$fpl$fcmpinf       fz_ws.l(fcmpi.o)
    0x080084d4   0x080084d4   0x00000184   Code   RO         2987    x$fpl$fdiv          fz_ws.l(fdiv.o)
    0x08008658   0x08008658   0x00000068   Code   RO         2990    x$fpl$feqf          fz_ws.l(feqf.o)
    0x080086c0   0x080086c0   0x00000036   Code   RO         2992    x$fpl$ffix          fz_ws.l(ffix.o)
    0x080086f6   0x080086f6   0x00000002   PAD
    0x080086f8   0x080086f8   0x0000003e   Code   RO         2996    x$fpl$ffixu         fz_ws.l(ffixu.o)
    0x08008736   0x08008736   0x00000002   PAD
    0x08008738   0x08008738   0x00000030   Code   RO         3001    x$fpl$fflt          fz_ws.l(fflt_clz.o)
    0x08008768   0x08008768   0x00000026   Code   RO         3000    x$fpl$ffltu         fz_ws.l(fflt_clz.o)
    0x0800878e   0x0800878e   0x00000002   PAD
    0x08008790   0x08008790   0x00000068   Code   RO         3006    x$fpl$fleqf         fz_ws.l(fleqf.o)
    0x080087f8   0x080087f8   0x00000102   Code   RO         3008    x$fpl$fmul          fz_ws.l(fmul.o)
    0x080088fa   0x080088fa   0x0000008c   Code   RO         3093    x$fpl$fnaninf       fz_ws.l(fnaninf.o)
    0x08008986   0x08008986   0x0000000a   Code   RO         3095    x$fpl$fretinf       fz_ws.l(fretinf.o)
    0x08008990   0x08008990   0x00000062   Code   RO         3010    x$fpl$frleqf        fz_ws.l(frleqf.o)
    0x080089f2   0x080089f2   0x00000014   Code   RO         2981    x$fpl$frsb          fz_ws.l(faddsub_clz.o)
    0x08008a06   0x08008a06   0x00000002   PAD
    0x08008a08   0x08008a08   0x000000ea   Code   RO         2982    x$fpl$fsub          fz_ws.l(faddsub_clz.o)
    0x08008af2   0x08008af2   0x00000004   Code   RO         3097    x$fpl$printf1       fz_ws.l(printf1.o)
    0x08008af6   0x08008af6   0x00000064   Code   RO         3243    x$fpl$retnan        fz_ws.l(retnan.o)
    0x08008b5a   0x08008b5a   0x0000005c   Code   RO         3099    x$fpl$scalbn        fz_ws.l(scalbn.o)
    0x08008bb6   0x08008bb6   0x00000030   Code   RO         3301    x$fpl$trapveneer    fz_ws.l(trapv.o)
    0x08008be6   0x08008be6   0x00000000   Code   RO         3101    x$fpl$usenofp       fz_ws.l(usenofp.o)
    0x08008be6   0x08008be6   0x00000002   PAD
    0x08008be8   0x08008be8   0x00000050   Data   RO         2102    .constdata          inv_mpu.o
    0x08008c38   0x08008c38   0x00000bf6   Data   RO         2407    .constdata          inv_mpu_dmp_motion_driver.o
    0x0800982e   0x0800982e   0x00000028   Data   RO         2917    .constdata          c_w.l(_printf_hex_int_ll_ptr.o)
    0x08009856   0x08009856   0x00000011   Data   RO         2937    .constdata          c_w.l(__printf_flags_ss_wp.o)
    0x08009867   0x08009867   0x00000001   PAD
    0x08009868   0x08009868   0x00000050   Data   RO         3014    .constdata          m_ws.l(asin.o)
    0x080098b8   0x080098b8   0x00000008   Data   RO         3054    .constdata          c_w.l(_printf_wctomb.o)
    0x080098c0   0x080098c0   0x00000098   Data   RO         3104    .constdata          m_ws.l(atan.o)
    0x08009958   0x08009958   0x00000008   Data   RO         3130    .constdata          m_ws.l(qnan.o)
    0x08009960   0x08009960   0x00000094   Data   RO         3204    .constdata          c_w.l(bigflt0.o)
    0x080099f4   0x080099f4   0x0000004d   Data   RO         2103    .conststring        inv_mpu.o
    0x08009a41   0x08009a41   0x00000003   PAD
    0x08009a44   0x08009a44   0x00000020   Data   RO         3376    Region$$Table       anon$$obj.o
    0x08009a64   0x08009a64   0x0000001c   Data   RO         3228    locale$$data        c_w.l(lc_numeric_c.o)
    0x08009a80   0x08009a80   0x00000110   Data   RO         3247    locale$$data        c_w.l(lc_ctype_c.o)


    Execution Region RW_IRAM1 (Exec base: 0x20000000, Load base: 0x08009b90, Size: 0x00000830, Max: 0x00005000, ABSOLUTE)

    Exec Addr    Load Addr    Size         Type   Attr      Idx    E Section Name        Object

    0x20000000   0x08009b90   0x00000014   Data   RW          127    .data               stm32f10x_rcc.o
    0x20000014   0x08009ba4   0x00000014   Data   RW         1742    .data               system_stm32f10x.o
    0x20000028   0x08009bb8   0x00000006   Data   RW         1847    .data               usart.o
    0x2000002e   0x08009bbe   0x00000002   Data   RW         1889    .data               usart2.o
    0x20000030   0x08009bc0   0x0000000c   Data   RW         1967    .data               motor.o
    0x2000003c   0x08009bcc   0x00000045   Data   RW         2104    .data               inv_mpu.o
    0x20000081   0x08009c11   0x00000003   PAD
    0x20000084   0x08009c14   0x0000000c   Data   RW         2572    .data               mpu6050.o
    0x20000090   0x08009c20   0x00000004   Data   RW         2740    .data               adc.o
    0x20000094   0x08009c24   0x00000005   Data   RW         2772    .data               wave.o
    0x20000099   0x08009c29   0x00000003   PAD
    0x2000009c   0x08009c2c   0x0000005c   Data   RW         2841    .data               pid.o
    0x200000f8        -       0x000000c8   Zero   RW         1846    .bss                usart.o
    0x200001c0        -       0x00000010   Zero   RW         2406    .bss                inv_mpu_dmp_motion_driver.o
    0x200001d0        -       0x00000060   Zero   RW         3188    .bss                c_w.l(libspace.o)
    0x20000230        -       0x00000200   Zero   RW           18    HEAP                startup_stm32f10x_md.o
    0x20000430        -       0x00000400   Zero   RW           17    STACK               startup_stm32f10x_md.o


==============================================================================

Image component sizes


      Code (inc. data)   RO Data    RW Data    ZI Data      Debug   Object Name

       254         16          0          4          0       2342   adc.o
         0          0          0          0          0       4540   core_cm3.o
        50          0          0          0          0       1154   delay.o
      6876        302        157         69          0      34151   inv_mpu.o
      3096        122       3062          0         16      22418   inv_mpu_dmp_motion_driver.o
       232         26          0          0          0        603   main.o
       132         22          0          0          0     251319   misc.o
       844        120          0         12          0       8794   motor.o
       608          0          0         12          0       7408   mpu6050.o
       662        100          0          0          0       5534   mpuiic.o
      2792        336          0         92          0       5032   pid.o
       352         36          0          0          0       2155   servo.o
        64         26        236          0       1536        852   startup_stm32f10x_md.o
       486         24          0          0          0      18542   stm32f10x_adc.o
       200         18          0          0          0       2380   stm32f10x_exti.o
       368          4          0          0          0       4686   stm32f10x_gpio.o
        32          0          0          0          0       4446   stm32f10x_it.o
       364         50          0         20          0       6683   stm32f10x_rcc.o
      2422        264          0          0          0      22926   stm32f10x_tim.o
       628         28          0          0          0       8106   stm32f10x_usart.o
       328         28          0         20          0       2477   system_stm32f10x.o
       120         14          0          0          0      15922   systick.o
       170         18          0          6        200       3840   usart.o
       464         24          0          2          0       3195   usart2.o
       510         38          0          5          0       3418   wave.o

    ----------------------------------------------------------------------
     22090       1616       3490        248       1752     442923   Object Totals
         0          0         32          0          0          0   (incl. Generated)
        36          0          3          6          0          0   (incl. Padding)

    ----------------------------------------------------------------------

      Code (inc. data)   RO Data    RW Data    ZI Data      Debug   Library Member Name

        24          4          0          0          0         84   __2printf.o
         8          0          0          0          0         68   __main.o
       392          4         17          0          0         92   __printf_flags_ss_wp.o
        14          0          0          0          0         68   __printf_wp.o
         0          0          0          0          0          0   __rtentry.o
        12          0          0          0          0          0   __rtentry2.o
         6          0          0          0          0          0   __rtentry4.o
        52          8          0          0          0          0   __scatter.o
        26          0          0          0          0          0   __scatter_copy.o
        28          0          0          0          0          0   __scatter_zi.o
         6          0          0          0          0          0   _printf_a.o
         6          0          0          0          0          0   _printf_c.o
        44          0          0          0          0        108   _printf_char.o
        48          6          0          0          0         96   _printf_char_common.o
        36          4          0          0          0         80   _printf_char_file.o
        40          0          0          0          0         68   _printf_charcount.o
         6          0          0          0          0          0   _printf_d.o
       120         16          0          0          0         92   _printf_dec.o
         6          0          0          0          0          0   _printf_e.o
         6          0          0          0          0          0   _printf_f.o
      1054          0          0          0          0        216   _printf_fp_dec.o
       128         16          0          0          0         84   _printf_fp_infnan.o
         6          0          0          0          0          0   _printf_g.o
       148          4         40          0          0        160   _printf_hex_int_ll_ptr.o
         6          0          0          0          0          0   _printf_i.o
       178          0          0          0          0         88   _printf_intcommon.o
        10          0          0          0          0          0   _printf_l.o
         6          0          0          0          0          0   _printf_lc.o
        10          0          0          0          0          0   _printf_ll.o
         6          0          0          0          0          0   _printf_lld.o
         6          0          0          0          0          0   _printf_lli.o
         6          0          0          0          0          0   _printf_llo.o
         6          0          0          0          0          0   _printf_llu.o
         6          0          0          0          0          0   _printf_llx.o
       124         16          0          0          0         92   _printf_longlong_dec.o
         6          0          0          0          0          0   _printf_ls.o
         6          0          0          0          0          0   _printf_n.o
         6          0          0          0          0          0   _printf_o.o
       112         10          0          0          0        124   _printf_oct_int_ll.o
         6          0          0          0          0          0   _printf_p.o
        78          0          0          0          0        108   _printf_pad.o
         0          0          0          0          0          0   _printf_percent.o
         4          0          0          0          0          0   _printf_percent_end.o
         6          0          0          0          0          0   _printf_s.o
        82          0          0          0          0         80   _printf_str.o
        36          0          0          0          0         84   _printf_truncate.o
         6          0          0          0          0          0   _printf_u.o
        44          0          0          0          0        108   _printf_wchar.o
       188          6          8          0          0         92   _printf_wctomb.o
         6          0          0          0          0          0   _printf_x.o
        22          0          0          0          0        100   _rserrno.o
        16          0          0          0          0         68   _snputc.o
        10          0          0          0          0         68   _sputc.o
        64          0          0          0          0         92   _wcrtomb.o
        16          0          0          0          0         68   aeabi_memset.o
       228          4        148          0          0         96   bigflt0.o
      1936        128          0          0          0        672   btod.o
        52          4          0          0          0         80   c89vsnprintf.o
        18          0          0          0          0         80   exit.o
         8          0          0          0          0         68   ferror.o
         6          0          0          0          0        152   heapauxi.o
        44         10        272          0          0         76   lc_ctype_c.o
        44         10         28          0          0         76   lc_numeric_c.o
         2          0          0          0          0          0   libinit.o
        30          0          0          0          0          0   libinit2.o
         2          0          0          0          0          0   libshutdown.o
         2          0          0          0          0          0   libshutdown2.o
         8          4          0          0         96         68   libspace.o
        72          0          0          0          0         76   llsdiv.o
       138          0          0          0          0         80   lludiv10.o
       238          0          0          0          0        100   lludivv7m.o
        88          0          0          0          0         76   memcmp.o
        16          4          0          0          0         76   rt_ctype_table.o
         8          4          0          0          0         68   rt_errno_addr_intlibspace.o
         8          4          0          0          0         68   rt_locale_intlibspace.o
        68          0          0          0          0         68   rt_memclr.o
        78          0          0          0          0         80   rt_memclr_w.o
         2          0          0          0          0          0   rtexit.o
        10          0          0          0          0          0   rtexit2.o
       128          0          0          0          0         68   strcmpv7m.o
        74          0          0          0          0         80   sys_stackheap_outer.o
         2          0          0          0          0         68   use_no_semi.o
         2          0          0          0          0         68   use_no_semi_2.o
        98          4          0          0          0         92   d2f.o
       826         16          0          0          0        348   daddsub_clz.o
        16          4          0          0          0         68   dcheck1.o
       688        140          0          0          0        208   ddiv.o
        94          4          0          0          0         92   dfix.o
        90          4          0          0          0         92   dfixu.o
        84          0          0          0          0        136   dflt_clz.o
       340         12          0          0          0        104   dmul.o
       156          4          0          0          0         92   dnaninf.o
        12          0          0          0          0         68   dretinf.o
       460         56          0          0          0        120   dsqrt_noumaal.o
        86          4          0          0          0         84   f2d.o
       450          8          0          0          0        236   faddsub_clz.o
        24          0          0          0          0         68   fcmpi.o
       388         76          0          0          0         96   fdiv.o
       104          4          0          0          0         84   feqf.o
        54          4          0          0          0         84   ffix.o
        62          4          0          0          0         84   ffixu.o
        86          0          0          0          0        136   fflt_clz.o
       104          4          0          0          0         84   fleqf.o
       258          4          0          0          0         84   fmul.o
       140          4          0          0          0         84   fnaninf.o
        10          0          0          0          0         68   fretinf.o
        98          0          0          0          0         68   frleqf.o
         4          0          0          0          0         68   printf1.o
       100          0          0          0          0         68   retnan.o
        92          0          0          0          0         68   scalbn.o
        48          0          0          0          0         68   trapv.o
         0          0          0          0          0          0   usenofp.o
       624         52         80          0          0        168   asin.o
       544         70        152          0          0        124   atan.o
       384         38          0          0          0        144   atan2.o
        38          6          0          0          0        272   dunder.o
        40          0          0          0          0         68   fpclassify.o
       170          0          0          0          0         96   poly.o
         0          0          8          0          0          0   qnan.o
        76          0          0          0          0         84   sqrt.o

    ----------------------------------------------------------------------
     13490        788        754          0         96       8640   Library Totals
        36          0          1          0          0          0   (incl. Padding)

    ----------------------------------------------------------------------

      Code (inc. data)   RO Data    RW Data    ZI Data      Debug   Library Name

      6606        266        513          0         96       4732   c_w.l
      4972        356          0          0          0       2952   fz_ws.l
      1876        166        240          0          0        956   m_ws.l

    ----------------------------------------------------------------------
     13490        788        754          0         96       8640   Library Totals

    ----------------------------------------------------------------------

==============================================================================


      Code (inc. data)   RO Data    RW Data    ZI Data      Debug   

     35580       2404       4244        248       1848     436947   Grand Totals
     35580       2404       4244        248       1848     436947   ELF Image Totals
     35580       2404       4244        248          0          0   ROM Totals

==============================================================================

    Total RO  Size (Code + RO Data)                39824 (  38.89kB)
    Total RW  Size (RW Data + ZI Data)              2096 (   2.05kB)
    Total ROM Size (Code + RO Data + RW Data)      40072 (  39.13kB)

==============================================================================

